Archive member included to satisfy reference by file (symbol)

/home/marek/Dropbox/Projekty/WiFiGeiger/code/build/bootloader/main/libmain.a(bootloader_start.o)
                              (call_start_cpu)
/home/marek/Dropbox/Projekty/WiFiGeiger/code/build/bootloader/bootloader_support/libbootloader_support.a(bootloader_init.o)
                              /home/marek/Dropbox/Projekty/WiFiGeiger/code/build/bootloader/main/libmain.a(bootloader_start.o) (bootloader_init)
/home/marek/Dropbox/Projekty/WiFiGeiger/code/build/bootloader/bootloader_support/libbootloader_support.a(bootloader_utility.o)
                              /home/marek/Dropbox/Projekty/WiFiGeiger/code/build/bootloader/main/libmain.a(bootloader_start.o) (bootloader_utility_load_partition_table)
/home/marek/Dropbox/Projekty/WiFiGeiger/code/build/bootloader/bootloader_support/libbootloader_support.a(bootloader_flash.o)
                              /home/marek/Dropbox/Projekty/WiFiGeiger/code/build/bootloader/bootloader_support/libbootloader_support.a(bootloader_utility.o) (bootloader_mmap)
/home/marek/Dropbox/Projekty/WiFiGeiger/code/build/bootloader/bootloader_support/libbootloader_support.a(bootloader_common.o)
                              /home/marek/Dropbox/Projekty/WiFiGeiger/code/build/bootloader/bootloader_support/libbootloader_support.a(bootloader_utility.o) (bootloader_common_ota_select_valid)
/home/marek/Dropbox/Projekty/WiFiGeiger/code/build/bootloader/bootloader_support/libbootloader_support.a(flash_partitions.o)
                              /home/marek/Dropbox/Projekty/WiFiGeiger/code/build/bootloader/bootloader_support/libbootloader_support.a(bootloader_utility.o) (esp_partition_table_basic_verify)
/home/marek/Dropbox/Projekty/WiFiGeiger/code/build/bootloader/bootloader_support/libbootloader_support.a(esp_image_format.o)
                              /home/marek/Dropbox/Projekty/WiFiGeiger/code/build/bootloader/bootloader_support/libbootloader_support.a(bootloader_utility.o) (esp_image_load)
/home/marek/Dropbox/Projekty/WiFiGeiger/code/build/bootloader/spi_flash/libspi_flash.a(spi_flash.o)
                              /home/marek/Dropbox/Projekty/WiFiGeiger/code/build/bootloader/bootloader_support/libbootloader_support.a(flash_partitions.o) (g_rom_flashchip)
/home/marek/Dropbox/Projekty/WiFiGeiger/code/build/bootloader/spi_flash/libspi_flash.a(spi_flash_raw.o)
                              /home/marek/Dropbox/Projekty/WiFiGeiger/code/build/bootloader/spi_flash/libspi_flash.a(spi_flash.o) (spi_flash_get_id_raw)
/home/marek/Dropbox/Projekty/WiFiGeiger/code/build/bootloader/log/liblog.a(log.o)
                              /home/marek/Dropbox/Projekty/WiFiGeiger/code/build/bootloader/bootloader_support/libbootloader_support.a(bootloader_common.o) (esp_log_early_timestamp)
/home/marek/Dropbox/Projekty/WiFiGeiger/code/build/bootloader/esp8266/libesp8266.a(ets_printf.o)
                              /home/marek/Dropbox/Projekty/WiFiGeiger/code/build/bootloader/log/liblog.a(log.o) (ets_vprintf)
/home/marek/Dropbox/Projekty/WiFiGeiger/code/build/bootloader/esp8266/libesp8266.a(crc.o)
                              /home/marek/Dropbox/Projekty/WiFiGeiger/code/build/bootloader/bootloader_support/libbootloader_support.a(bootloader_common.o) (crc32_le)
/home/marek/Dropbox/Projekty/WiFiGeiger/code/build/bootloader/esp8266/libesp8266.a(esp_fast_boot.o)
                              /home/marek/Dropbox/Projekty/WiFiGeiger/code/build/bootloader/bootloader_support/libbootloader_support.a(bootloader_utility.o) (esp_fast_boot_get_info)
/opt/Espressif/ESP8266_RTOS_SDK/components/esp8266/lib/libcore.a(phy.o)
                              /home/marek/Dropbox/Projekty/WiFiGeiger/code/build/bootloader/bootloader_support/libbootloader_support.a(bootloader_init.o) (phy_reg_default)

Allocating common symbols
Common symbol       size              file

esp_image_spi_freq_t
                    0x4               /home/marek/Dropbox/Projekty/WiFiGeiger/code/build/bootloader/main/libmain.a(bootloader_start.o)

Discarded input sections

 .text          0x0000000000000000        0x0 /home/marek/Dropbox/Projekty/WiFiGeiger/code/build/bootloader/main/libmain.a(bootloader_start.o)
 .data          0x0000000000000000        0x0 /home/marek/Dropbox/Projekty/WiFiGeiger/code/build/bootloader/main/libmain.a(bootloader_start.o)
 .bss           0x0000000000000000        0x0 /home/marek/Dropbox/Projekty/WiFiGeiger/code/build/bootloader/main/libmain.a(bootloader_start.o)
 .xt.lit        0x0000000000000000       0x18 /home/marek/Dropbox/Projekty/WiFiGeiger/code/build/bootloader/main/libmain.a(bootloader_start.o)
 .xt.prop       0x0000000000000000       0xe4 /home/marek/Dropbox/Projekty/WiFiGeiger/code/build/bootloader/main/libmain.a(bootloader_start.o)
 COMMON         0x0000000000000000        0x4 /home/marek/Dropbox/Projekty/WiFiGeiger/code/build/bootloader/main/libmain.a(bootloader_start.o)
 .text          0x0000000000000000        0x0 /home/marek/Dropbox/Projekty/WiFiGeiger/code/build/bootloader/bootloader_support/libbootloader_support.a(bootloader_init.o)
 .data          0x0000000000000000        0x0 /home/marek/Dropbox/Projekty/WiFiGeiger/code/build/bootloader/bootloader_support/libbootloader_support.a(bootloader_init.o)
 .bss           0x0000000000000000        0x0 /home/marek/Dropbox/Projekty/WiFiGeiger/code/build/bootloader/bootloader_support/libbootloader_support.a(bootloader_init.o)
 .xt.lit        0x0000000000000000       0x20 /home/marek/Dropbox/Projekty/WiFiGeiger/code/build/bootloader/bootloader_support/libbootloader_support.a(bootloader_init.o)
 .xt.prop       0x0000000000000000      0x210 /home/marek/Dropbox/Projekty/WiFiGeiger/code/build/bootloader/bootloader_support/libbootloader_support.a(bootloader_init.o)
 .literal.bootloader_utility_fast_boot_image
                0x0000000000000000        0x8 /home/marek/Dropbox/Projekty/WiFiGeiger/code/build/bootloader/bootloader_support/libbootloader_support.a(bootloader_utility.o)
 .text          0x0000000000000000        0x0 /home/marek/Dropbox/Projekty/WiFiGeiger/code/build/bootloader/bootloader_support/libbootloader_support.a(bootloader_utility.o)
 .data          0x0000000000000000        0x0 /home/marek/Dropbox/Projekty/WiFiGeiger/code/build/bootloader/bootloader_support/libbootloader_support.a(bootloader_utility.o)
 .bss           0x0000000000000000        0x0 /home/marek/Dropbox/Projekty/WiFiGeiger/code/build/bootloader/bootloader_support/libbootloader_support.a(bootloader_utility.o)
 .text.bootloader_utility_fast_boot_image
                0x0000000000000000       0x27 /home/marek/Dropbox/Projekty/WiFiGeiger/code/build/bootloader/bootloader_support/libbootloader_support.a(bootloader_utility.o)
 .xt.lit        0x0000000000000000       0x40 /home/marek/Dropbox/Projekty/WiFiGeiger/code/build/bootloader/bootloader_support/libbootloader_support.a(bootloader_utility.o)
 .xt.prop       0x0000000000000000      0x510 /home/marek/Dropbox/Projekty/WiFiGeiger/code/build/bootloader/bootloader_support/libbootloader_support.a(bootloader_utility.o)
 .literal.bootloader_flash_write
                0x0000000000000000       0x28 /home/marek/Dropbox/Projekty/WiFiGeiger/code/build/bootloader/bootloader_support/libbootloader_support.a(bootloader_flash.o)
 .literal.bootloader_flash_erase_sector
                0x0000000000000000        0x4 /home/marek/Dropbox/Projekty/WiFiGeiger/code/build/bootloader/bootloader_support/libbootloader_support.a(bootloader_flash.o)
 .text          0x0000000000000000        0x0 /home/marek/Dropbox/Projekty/WiFiGeiger/code/build/bootloader/bootloader_support/libbootloader_support.a(bootloader_flash.o)
 .data          0x0000000000000000        0x0 /home/marek/Dropbox/Projekty/WiFiGeiger/code/build/bootloader/bootloader_support/libbootloader_support.a(bootloader_flash.o)
 .bss           0x0000000000000000        0x0 /home/marek/Dropbox/Projekty/WiFiGeiger/code/build/bootloader/bootloader_support/libbootloader_support.a(bootloader_flash.o)
 .rodata.bootloader_flash_write.str1.4
                0x0000000000000000       0xa7 /home/marek/Dropbox/Projekty/WiFiGeiger/code/build/bootloader/bootloader_support/libbootloader_support.a(bootloader_flash.o)
 .text.bootloader_flash_write
                0x0000000000000000       0x9d /home/marek/Dropbox/Projekty/WiFiGeiger/code/build/bootloader/bootloader_support/libbootloader_support.a(bootloader_flash.o)
 .text.bootloader_flash_erase_sector
                0x0000000000000000       0x15 /home/marek/Dropbox/Projekty/WiFiGeiger/code/build/bootloader/bootloader_support/libbootloader_support.a(bootloader_flash.o)
 .xt.lit        0x0000000000000000       0x30 /home/marek/Dropbox/Projekty/WiFiGeiger/code/build/bootloader/bootloader_support/libbootloader_support.a(bootloader_flash.o)
 .xt.prop       0x0000000000000000      0x258 /home/marek/Dropbox/Projekty/WiFiGeiger/code/build/bootloader/bootloader_support/libbootloader_support.a(bootloader_flash.o)
 .literal.bootloader_common_check_long_hold_gpio
                0x0000000000000000       0x58 /home/marek/Dropbox/Projekty/WiFiGeiger/code/build/bootloader/bootloader_support/libbootloader_support.a(bootloader_common.o)
 .text          0x0000000000000000        0x0 /home/marek/Dropbox/Projekty/WiFiGeiger/code/build/bootloader/bootloader_support/libbootloader_support.a(bootloader_common.o)
 .data          0x0000000000000000        0x0 /home/marek/Dropbox/Projekty/WiFiGeiger/code/build/bootloader/bootloader_support/libbootloader_support.a(bootloader_common.o)
 .bss           0x0000000000000000        0x0 /home/marek/Dropbox/Projekty/WiFiGeiger/code/build/bootloader/bootloader_support/libbootloader_support.a(bootloader_common.o)
 .text.bootloader_common_check_long_hold_gpio
                0x0000000000000000      0x230 /home/marek/Dropbox/Projekty/WiFiGeiger/code/build/bootloader/bootloader_support/libbootloader_support.a(bootloader_common.o)
 .xt.lit        0x0000000000000000       0x18 /home/marek/Dropbox/Projekty/WiFiGeiger/code/build/bootloader/bootloader_support/libbootloader_support.a(bootloader_common.o)
 .xt.prop       0x0000000000000000      0x420 /home/marek/Dropbox/Projekty/WiFiGeiger/code/build/bootloader/bootloader_support/libbootloader_support.a(bootloader_common.o)
 .text          0x0000000000000000        0x0 /home/marek/Dropbox/Projekty/WiFiGeiger/code/build/bootloader/bootloader_support/libbootloader_support.a(flash_partitions.o)
 .data          0x0000000000000000        0x0 /home/marek/Dropbox/Projekty/WiFiGeiger/code/build/bootloader/bootloader_support/libbootloader_support.a(flash_partitions.o)
 .bss           0x0000000000000000        0x0 /home/marek/Dropbox/Projekty/WiFiGeiger/code/build/bootloader/bootloader_support/libbootloader_support.a(flash_partitions.o)
 .xt.lit        0x0000000000000000        0x8 /home/marek/Dropbox/Projekty/WiFiGeiger/code/build/bootloader/bootloader_support/libbootloader_support.a(flash_partitions.o)
 .xt.prop       0x0000000000000000       0xcc /home/marek/Dropbox/Projekty/WiFiGeiger/code/build/bootloader/bootloader_support/libbootloader_support.a(flash_partitions.o)
 .literal.esp_image_verify_bootloader
                0x0000000000000000        0x8 /home/marek/Dropbox/Projekty/WiFiGeiger/code/build/bootloader/bootloader_support/libbootloader_support.a(esp_image_format.o)
 .text          0x0000000000000000        0x0 /home/marek/Dropbox/Projekty/WiFiGeiger/code/build/bootloader/bootloader_support/libbootloader_support.a(esp_image_format.o)
 .data          0x0000000000000000        0x0 /home/marek/Dropbox/Projekty/WiFiGeiger/code/build/bootloader/bootloader_support/libbootloader_support.a(esp_image_format.o)
 .bss           0x0000000000000000        0x0 /home/marek/Dropbox/Projekty/WiFiGeiger/code/build/bootloader/bootloader_support/libbootloader_support.a(esp_image_format.o)
 .text.esp_image_verify_bootloader
                0x0000000000000000       0x41 /home/marek/Dropbox/Projekty/WiFiGeiger/code/build/bootloader/bootloader_support/libbootloader_support.a(esp_image_format.o)
 .xt.lit        0x0000000000000000       0x40 /home/marek/Dropbox/Projekty/WiFiGeiger/code/build/bootloader/bootloader_support/libbootloader_support.a(esp_image_format.o)
 .xt.prop       0x0000000000000000      0x3e4 /home/marek/Dropbox/Projekty/WiFiGeiger/code/build/bootloader/bootloader_support/libbootloader_support.a(esp_image_format.o)
 .literal.spi_flash_program
                0x0000000000000000       0x20 /home/marek/Dropbox/Projekty/WiFiGeiger/code/build/bootloader/spi_flash/libspi_flash.a(spi_flash.o)
 .literal.__spi_flash_write
                0x0000000000000000        0x8 /home/marek/Dropbox/Projekty/WiFiGeiger/code/build/bootloader/spi_flash/libspi_flash.a(spi_flash.o)
 .literal.__spi_flash_read
                0x0000000000000000       0x10 /home/marek/Dropbox/Projekty/WiFiGeiger/code/build/bootloader/spi_flash/libspi_flash.a(spi_flash.o)
 .literal.spi_flash_write_status
                0x0000000000000000        0xc /home/marek/Dropbox/Projekty/WiFiGeiger/code/build/bootloader/spi_flash/libspi_flash.a(spi_flash.o)
 .literal.spi_flash_check_wr_protect
                0x0000000000000000       0x4c /home/marek/Dropbox/Projekty/WiFiGeiger/code/build/bootloader/spi_flash/libspi_flash.a(spi_flash.o)
 .literal.spi_flash_erase_sector
                0x0000000000000000       0x18 /home/marek/Dropbox/Projekty/WiFiGeiger/code/build/bootloader/spi_flash/libspi_flash.a(spi_flash.o)
 .literal.spi_flash_read
                0x0000000000000000       0x24 /home/marek/Dropbox/Projekty/WiFiGeiger/code/build/bootloader/spi_flash/libspi_flash.a(spi_flash.o)
 .literal.spi_flash_write
                0x0000000000000000       0x3c /home/marek/Dropbox/Projekty/WiFiGeiger/code/build/bootloader/spi_flash/libspi_flash.a(spi_flash.o)
 .literal.spi_flash_erase_range
                0x0000000000000000       0x10 /home/marek/Dropbox/Projekty/WiFiGeiger/code/build/bootloader/spi_flash/libspi_flash.a(spi_flash.o)
 .literal.spi_flash_cache2phys
                0x0000000000000000       0x18 /home/marek/Dropbox/Projekty/WiFiGeiger/code/build/bootloader/spi_flash/libspi_flash.a(spi_flash.o)
 .literal.spi_flash_get_chip_size
                0x0000000000000000        0x4 /home/marek/Dropbox/Projekty/WiFiGeiger/code/build/bootloader/spi_flash/libspi_flash.a(spi_flash.o)
 .text          0x0000000000000000        0x0 /home/marek/Dropbox/Projekty/WiFiGeiger/code/build/bootloader/spi_flash/libspi_flash.a(spi_flash.o)
 .data          0x0000000000000000        0x0 /home/marek/Dropbox/Projekty/WiFiGeiger/code/build/bootloader/spi_flash/libspi_flash.a(spi_flash.o)
 .bss           0x0000000000000000        0x0 /home/marek/Dropbox/Projekty/WiFiGeiger/code/build/bootloader/spi_flash/libspi_flash.a(spi_flash.o)
 .text.spi_flash_program
                0x0000000000000000       0xd8 /home/marek/Dropbox/Projekty/WiFiGeiger/code/build/bootloader/spi_flash/libspi_flash.a(spi_flash.o)
 .text.__spi_flash_write
                0x0000000000000000       0x23 /home/marek/Dropbox/Projekty/WiFiGeiger/code/build/bootloader/spi_flash/libspi_flash.a(spi_flash.o)
 .text.__spi_flash_read
                0x0000000000000000       0x31 /home/marek/Dropbox/Projekty/WiFiGeiger/code/build/bootloader/spi_flash/libspi_flash.a(spi_flash.o)
 .text.spi_flash_write_status
                0x0000000000000000       0x2a /home/marek/Dropbox/Projekty/WiFiGeiger/code/build/bootloader/spi_flash/libspi_flash.a(spi_flash.o)
 .text.spi_flash_check_wr_protect
                0x0000000000000000      0x165 /home/marek/Dropbox/Projekty/WiFiGeiger/code/build/bootloader/spi_flash/libspi_flash.a(spi_flash.o)
 .text.spi_flash_erase_sector
                0x0000000000000000       0x56 /home/marek/Dropbox/Projekty/WiFiGeiger/code/build/bootloader/spi_flash/libspi_flash.a(spi_flash.o)
 .text.spi_flash_read
                0x0000000000000000      0x109 /home/marek/Dropbox/Projekty/WiFiGeiger/code/build/bootloader/spi_flash/libspi_flash.a(spi_flash.o)
 .text.spi_flash_write
                0x0000000000000000      0x176 /home/marek/Dropbox/Projekty/WiFiGeiger/code/build/bootloader/spi_flash/libspi_flash.a(spi_flash.o)
 .text.spi_flash_erase_range
                0x0000000000000000       0x67 /home/marek/Dropbox/Projekty/WiFiGeiger/code/build/bootloader/spi_flash/libspi_flash.a(spi_flash.o)
 .text.spi_flash_cache2phys
                0x0000000000000000       0x4e /home/marek/Dropbox/Projekty/WiFiGeiger/code/build/bootloader/spi_flash/libspi_flash.a(spi_flash.o)
 .text.spi_flash_get_chip_size
                0x0000000000000000        0x7 /home/marek/Dropbox/Projekty/WiFiGeiger/code/build/bootloader/spi_flash/libspi_flash.a(spi_flash.o)
 .xt.lit        0x0000000000000000       0xd0 /home/marek/Dropbox/Projekty/WiFiGeiger/code/build/bootloader/spi_flash/libspi_flash.a(spi_flash.o)
 .xt.prop       0x0000000000000000      0xb04 /home/marek/Dropbox/Projekty/WiFiGeiger/code/build/bootloader/spi_flash/libspi_flash.a(spi_flash.o)
 .literal.spi_flash_write_status_raw
                0x0000000000000000       0x1c /home/marek/Dropbox/Projekty/WiFiGeiger/code/build/bootloader/spi_flash/libspi_flash.a(spi_flash_raw.o)
 .literal.spi_flash_erase_sector_raw
                0x0000000000000000       0x14 /home/marek/Dropbox/Projekty/WiFiGeiger/code/build/bootloader/spi_flash/libspi_flash.a(spi_flash_raw.o)
 .literal.spi_flash_write_raw
                0x0000000000000000        0xc /home/marek/Dropbox/Projekty/WiFiGeiger/code/build/bootloader/spi_flash/libspi_flash.a(spi_flash_raw.o)
 .literal.spi_flash_read_raw
                0x0000000000000000        0xc /home/marek/Dropbox/Projekty/WiFiGeiger/code/build/bootloader/spi_flash/libspi_flash.a(spi_flash_raw.o)
 .text          0x0000000000000000        0x0 /home/marek/Dropbox/Projekty/WiFiGeiger/code/build/bootloader/spi_flash/libspi_flash.a(spi_flash_raw.o)
 .data          0x0000000000000000        0x0 /home/marek/Dropbox/Projekty/WiFiGeiger/code/build/bootloader/spi_flash/libspi_flash.a(spi_flash_raw.o)
 .bss           0x0000000000000000        0x0 /home/marek/Dropbox/Projekty/WiFiGeiger/code/build/bootloader/spi_flash/libspi_flash.a(spi_flash_raw.o)
 .text.spi_flash_write_status_raw
                0x0000000000000000       0x5c /home/marek/Dropbox/Projekty/WiFiGeiger/code/build/bootloader/spi_flash/libspi_flash.a(spi_flash_raw.o)
 .text.spi_flash_erase_sector_raw
                0x0000000000000000       0x50 /home/marek/Dropbox/Projekty/WiFiGeiger/code/build/bootloader/spi_flash/libspi_flash.a(spi_flash_raw.o)
 .text.spi_flash_write_raw
                0x0000000000000000       0x43 /home/marek/Dropbox/Projekty/WiFiGeiger/code/build/bootloader/spi_flash/libspi_flash.a(spi_flash_raw.o)
 .text.spi_flash_read_raw
                0x0000000000000000       0x43 /home/marek/Dropbox/Projekty/WiFiGeiger/code/build/bootloader/spi_flash/libspi_flash.a(spi_flash_raw.o)
 .xt.lit        0x0000000000000000       0x58 /home/marek/Dropbox/Projekty/WiFiGeiger/code/build/bootloader/spi_flash/libspi_flash.a(spi_flash_raw.o)
 .xt.prop       0x0000000000000000      0x348 /home/marek/Dropbox/Projekty/WiFiGeiger/code/build/bootloader/spi_flash/libspi_flash.a(spi_flash_raw.o)
 .text          0x0000000000000000        0x0 /home/marek/Dropbox/Projekty/WiFiGeiger/code/build/bootloader/log/liblog.a(log.o)
 .data          0x0000000000000000        0x0 /home/marek/Dropbox/Projekty/WiFiGeiger/code/build/bootloader/log/liblog.a(log.o)
 .bss           0x0000000000000000        0x0 /home/marek/Dropbox/Projekty/WiFiGeiger/code/build/bootloader/log/liblog.a(log.o)
 .xt.lit        0x0000000000000000       0x10 /home/marek/Dropbox/Projekty/WiFiGeiger/code/build/bootloader/log/liblog.a(log.o)
 .xt.prop       0x0000000000000000       0xcc /home/marek/Dropbox/Projekty/WiFiGeiger/code/build/bootloader/log/liblog.a(log.o)
 .text          0x0000000000000000        0x0 /home/marek/Dropbox/Projekty/WiFiGeiger/code/build/bootloader/esp8266/libesp8266.a(ets_printf.o)
 .data          0x0000000000000000        0x0 /home/marek/Dropbox/Projekty/WiFiGeiger/code/build/bootloader/esp8266/libesp8266.a(ets_printf.o)
 .bss           0x0000000000000000        0x0 /home/marek/Dropbox/Projekty/WiFiGeiger/code/build/bootloader/esp8266/libesp8266.a(ets_printf.o)
 .xt.lit        0x0000000000000000       0x20 /home/marek/Dropbox/Projekty/WiFiGeiger/code/build/bootloader/esp8266/libesp8266.a(ets_printf.o)
 .xt.prop       0x0000000000000000       0xe4 /home/marek/Dropbox/Projekty/WiFiGeiger/code/build/bootloader/esp8266/libesp8266.a(ets_printf.o)
 .literal.crc16_le
                0x0000000000000000        0x4 /home/marek/Dropbox/Projekty/WiFiGeiger/code/build/bootloader/esp8266/libesp8266.a(crc.o)
 .literal.esp_crc8
                0x0000000000000000        0x4 /home/marek/Dropbox/Projekty/WiFiGeiger/code/build/bootloader/esp8266/libesp8266.a(crc.o)
 .text          0x0000000000000000        0x0 /home/marek/Dropbox/Projekty/WiFiGeiger/code/build/bootloader/esp8266/libesp8266.a(crc.o)
 .data          0x0000000000000000        0x0 /home/marek/Dropbox/Projekty/WiFiGeiger/code/build/bootloader/esp8266/libesp8266.a(crc.o)
 .bss           0x0000000000000000        0x0 /home/marek/Dropbox/Projekty/WiFiGeiger/code/build/bootloader/esp8266/libesp8266.a(crc.o)
 .text.crc16_le
                0x0000000000000000       0x3b /home/marek/Dropbox/Projekty/WiFiGeiger/code/build/bootloader/esp8266/libesp8266.a(crc.o)
 .text.esp_crc8
                0x0000000000000000       0x21 /home/marek/Dropbox/Projekty/WiFiGeiger/code/build/bootloader/esp8266/libesp8266.a(crc.o)
 .rodata.crc8_le_table
                0x0000000000000000      0x100 /home/marek/Dropbox/Projekty/WiFiGeiger/code/build/bootloader/esp8266/libesp8266.a(crc.o)
 .rodata.crc16_le_table
                0x0000000000000000      0x200 /home/marek/Dropbox/Projekty/WiFiGeiger/code/build/bootloader/esp8266/libesp8266.a(crc.o)
 .xt.lit        0x0000000000000000       0x18 /home/marek/Dropbox/Projekty/WiFiGeiger/code/build/bootloader/esp8266/libesp8266.a(crc.o)
 .xt.prop       0x0000000000000000       0xfc /home/marek/Dropbox/Projekty/WiFiGeiger/code/build/bootloader/esp8266/libesp8266.a(crc.o)
 .literal.esp_fast_boot_disable
                0x0000000000000000        0x4 /home/marek/Dropbox/Projekty/WiFiGeiger/code/build/bootloader/esp8266/libesp8266.a(esp_fast_boot.o)
 .literal.esp_fast_boot_get_info
                0x0000000000000000       0x2c /home/marek/Dropbox/Projekty/WiFiGeiger/code/build/bootloader/esp8266/libesp8266.a(esp_fast_boot.o)
 .literal.esp_fast_boot_print_info
                0x0000000000000000       0x2c /home/marek/Dropbox/Projekty/WiFiGeiger/code/build/bootloader/esp8266/libesp8266.a(esp_fast_boot.o)
 .text          0x0000000000000000        0x0 /home/marek/Dropbox/Projekty/WiFiGeiger/code/build/bootloader/esp8266/libesp8266.a(esp_fast_boot.o)
 .data          0x0000000000000000        0x0 /home/marek/Dropbox/Projekty/WiFiGeiger/code/build/bootloader/esp8266/libesp8266.a(esp_fast_boot.o)
 .bss           0x0000000000000000        0x0 /home/marek/Dropbox/Projekty/WiFiGeiger/code/build/bootloader/esp8266/libesp8266.a(esp_fast_boot.o)
 .text.esp_fast_boot_disable
                0x0000000000000000       0x11 /home/marek/Dropbox/Projekty/WiFiGeiger/code/build/bootloader/esp8266/libesp8266.a(esp_fast_boot.o)
 .rodata.esp_fast_boot_get_info.str1.4
                0x0000000000000000       0x24 /home/marek/Dropbox/Projekty/WiFiGeiger/code/build/bootloader/esp8266/libesp8266.a(esp_fast_boot.o)
 .text.esp_fast_boot_get_info
                0x0000000000000000       0x86 /home/marek/Dropbox/Projekty/WiFiGeiger/code/build/bootloader/esp8266/libesp8266.a(esp_fast_boot.o)
 .rodata.esp_fast_boot_print_info.str1.4
                0x0000000000000000       0x59 /home/marek/Dropbox/Projekty/WiFiGeiger/code/build/bootloader/esp8266/libesp8266.a(esp_fast_boot.o)
 .text.esp_fast_boot_print_info
                0x0000000000000000       0x4d /home/marek/Dropbox/Projekty/WiFiGeiger/code/build/bootloader/esp8266/libesp8266.a(esp_fast_boot.o)
 .debug_frame   0x0000000000000000       0x68 /home/marek/Dropbox/Projekty/WiFiGeiger/code/build/bootloader/esp8266/libesp8266.a(esp_fast_boot.o)
 .debug_info    0x0000000000000000      0xbcf /home/marek/Dropbox/Projekty/WiFiGeiger/code/build/bootloader/esp8266/libesp8266.a(esp_fast_boot.o)
 .debug_abbrev  0x0000000000000000      0x251 /home/marek/Dropbox/Projekty/WiFiGeiger/code/build/bootloader/esp8266/libesp8266.a(esp_fast_boot.o)
 .debug_loc     0x0000000000000000       0xb0 /home/marek/Dropbox/Projekty/WiFiGeiger/code/build/bootloader/esp8266/libesp8266.a(esp_fast_boot.o)
 .debug_aranges
                0x0000000000000000       0x30 /home/marek/Dropbox/Projekty/WiFiGeiger/code/build/bootloader/esp8266/libesp8266.a(esp_fast_boot.o)
 .debug_ranges  0x0000000000000000       0x20 /home/marek/Dropbox/Projekty/WiFiGeiger/code/build/bootloader/esp8266/libesp8266.a(esp_fast_boot.o)
 .debug_line    0x0000000000000000      0x4a4 /home/marek/Dropbox/Projekty/WiFiGeiger/code/build/bootloader/esp8266/libesp8266.a(esp_fast_boot.o)
 .debug_str     0x0000000000000000      0x714 /home/marek/Dropbox/Projekty/WiFiGeiger/code/build/bootloader/esp8266/libesp8266.a(esp_fast_boot.o)
 .comment       0x0000000000000000       0x32 /home/marek/Dropbox/Projekty/WiFiGeiger/code/build/bootloader/esp8266/libesp8266.a(esp_fast_boot.o)
 .xt.lit        0x0000000000000000       0x18 /home/marek/Dropbox/Projekty/WiFiGeiger/code/build/bootloader/esp8266/libesp8266.a(esp_fast_boot.o)
 .xt.prop       0x0000000000000000       0xc0 /home/marek/Dropbox/Projekty/WiFiGeiger/code/build/bootloader/esp8266/libesp8266.a(esp_fast_boot.o)
 .literal.phy_reg_default
                0x0000000000000000        0x0 /opt/Espressif/ESP8266_RTOS_SDK/components/esp8266/lib/libcore.a(phy.o)
 .text          0x0000000000000000        0x0 /opt/Espressif/ESP8266_RTOS_SDK/components/esp8266/lib/libcore.a(phy.o)
 .data          0x0000000000000000        0x0 /opt/Espressif/ESP8266_RTOS_SDK/components/esp8266/lib/libcore.a(phy.o)
 .bss           0x0000000000000000        0x0 /opt/Espressif/ESP8266_RTOS_SDK/components/esp8266/lib/libcore.a(phy.o)
 .xt.lit        0x0000000000000000        0x8 /opt/Espressif/ESP8266_RTOS_SDK/components/esp8266/lib/libcore.a(phy.o)
 .xt.prop       0x0000000000000000       0x48 /opt/Espressif/ESP8266_RTOS_SDK/components/esp8266/lib/libcore.a(phy.o)

Memory Configuration

Name             Origin             Length             Attributes
dport0_seg       0x000000003ff00000 0x0000000000000010
dram_seg         0x000000003ffe8000 0x0000000000017c00
iram_seg         0x0000000040100000 0x0000000000008000
*default*        0x0000000000000000 0xffffffffffffffff

Linker script and memory map

START GROUP
LOAD /home/marek/Dropbox/Projekty/WiFiGeiger/code/build/bootloader/main/libmain.a
LOAD /opt/Espressif/ESP8266_RTOS_SDK/components/esp8266/lib/libcore.a
LOAD /home/marek/Dropbox/Projekty/WiFiGeiger/code/build/bootloader/bootloader_support/libbootloader_support.a
LOAD /home/marek/Dropbox/Projekty/WiFiGeiger/code/build/bootloader/spi_flash/libspi_flash.a
LOAD /home/marek/Dropbox/Projekty/WiFiGeiger/code/build/bootloader/log/liblog.a
LOAD /home/marek/Dropbox/Projekty/WiFiGeiger/code/build/bootloader/esp8266/libesp8266.a
LOAD /opt/Espressif/ESP8266_RTOS_SDK/components/esp8266/lib/libgcc.a
LOAD /opt/Espressif/xtensa-lx106-elf/bin/../lib/gcc/xtensa-lx106-elf/8.4.0/../../../../xtensa-lx106-elf/lib/libstdc++.a
LOAD /opt/Espressif/xtensa-lx106-elf/bin/../lib/gcc/xtensa-lx106-elf/8.4.0/libgcov.a
END GROUP

.text           0x0000000040100000     0x1b7d
                0x0000000040100000                _stext = .
                0x0000000040100000                _text_start = ABSOLUTE (.)
                0x0000000040100000                . = ALIGN (0x10)
 *(.entry.text)
 *(.init.literal)
 *(.init)
 *(.literal .text .literal.* .text.* .stub .gnu.warning .gnu.linkonce.literal.* .gnu.linkonce.t.*.literal .gnu.linkonce.t.*)
 .literal.selected_boot_partition
                0x0000000040100000        0x0 /home/marek/Dropbox/Projekty/WiFiGeiger/code/build/bootloader/main/libmain.a(bootloader_start.o)
                                          0x4 (size before relaxing)
 .literal.select_image
                0x0000000040100000        0xc /home/marek/Dropbox/Projekty/WiFiGeiger/code/build/bootloader/main/libmain.a(bootloader_start.o)
                                         0x1c (size before relaxing)
 .literal.call_start_cpu
                0x000000004010000c        0x0 /home/marek/Dropbox/Projekty/WiFiGeiger/code/build/bootloader/main/libmain.a(bootloader_start.o)
                                          0xc (size before relaxing)
 .literal.print_flash_info
                0x000000004010000c       0x48 /home/marek/Dropbox/Projekty/WiFiGeiger/code/build/bootloader/bootloader_support/libbootloader_support.a(bootloader_init.o)
                                         0x54 (size before relaxing)
 .literal.update_flash_config
                0x0000000040100054        0x4 /home/marek/Dropbox/Projekty/WiFiGeiger/code/build/bootloader/bootloader_support/libbootloader_support.a(bootloader_init.o)
                                          0x8 (size before relaxing)
 .literal.bootloader_main
                0x0000000040100058       0x10 /home/marek/Dropbox/Projekty/WiFiGeiger/code/build/bootloader/bootloader_support/libbootloader_support.a(bootloader_init.o)
                                         0x30 (size before relaxing)
 .literal.bootloader_init
                0x0000000040100068        0x8 /home/marek/Dropbox/Projekty/WiFiGeiger/code/build/bootloader/bootloader_support/libbootloader_support.a(bootloader_init.o)
                                         0x10 (size before relaxing)
 .literal.bootloader_utility_start_image
                0x0000000040100070        0x0 /home/marek/Dropbox/Projekty/WiFiGeiger/code/build/bootloader/bootloader_support/libbootloader_support.a(bootloader_utility.o)
                                          0x4 (size before relaxing)
 .literal.log_invalid_app_partition
                0x0000000040100070       0x14 /home/marek/Dropbox/Projekty/WiFiGeiger/code/build/bootloader/bootloader_support/libbootloader_support.a(bootloader_utility.o)
                                         0x20 (size before relaxing)
 .literal.try_load_partition
                0x0000000040100084        0x4 /home/marek/Dropbox/Projekty/WiFiGeiger/code/build/bootloader/bootloader_support/libbootloader_support.a(bootloader_utility.o)
                                         0x10 (size before relaxing)
 .literal.bootloader_utility_load_partition_table
                0x0000000040100088       0x4c /home/marek/Dropbox/Projekty/WiFiGeiger/code/build/bootloader/bootloader_support/libbootloader_support.a(bootloader_utility.o)
                                         0x74 (size before relaxing)
 .literal.bootloader_utility_get_selected_boot_partition
                0x00000000401000d4       0x1c /home/marek/Dropbox/Projekty/WiFiGeiger/code/build/bootloader/bootloader_support/libbootloader_support.a(bootloader_utility.o)
                                         0x5c (size before relaxing)
 .literal.bootloader_utility_load_boot_image
                0x00000000401000f0        0xc /home/marek/Dropbox/Projekty/WiFiGeiger/code/build/bootloader/bootloader_support/libbootloader_support.a(bootloader_utility.o)
                                         0x40 (size before relaxing)
 .literal.bootloader_utility_load_image
                0x00000000401000fc        0x0 /home/marek/Dropbox/Projekty/WiFiGeiger/code/build/bootloader/bootloader_support/libbootloader_support.a(bootloader_utility.o)
                                          0x4 (size before relaxing)
 .literal.bootloader_flash_read_no_decrypt
                0x00000000401000fc        0x4 /home/marek/Dropbox/Projekty/WiFiGeiger/code/build/bootloader/bootloader_support/libbootloader_support.a(bootloader_flash.o)
 .literal.bootloader_mmap
                0x0000000040100100       0x30 /home/marek/Dropbox/Projekty/WiFiGeiger/code/build/bootloader/bootloader_support/libbootloader_support.a(bootloader_flash.o)
                                         0x3c (size before relaxing)
 .literal.bootloader_munmap
                0x0000000040100130        0x0 /home/marek/Dropbox/Projekty/WiFiGeiger/code/build/bootloader/bootloader_support/libbootloader_support.a(bootloader_flash.o)
                                          0x8 (size before relaxing)
 .literal.bootloader_flash_read
                0x0000000040100130        0xc /home/marek/Dropbox/Projekty/WiFiGeiger/code/build/bootloader/bootloader_support/libbootloader_support.a(bootloader_flash.o)
                                         0x20 (size before relaxing)
 .literal.bootloader_common_ota_select_crc
                0x000000004010013c        0x0 /home/marek/Dropbox/Projekty/WiFiGeiger/code/build/bootloader/bootloader_support/libbootloader_support.a(bootloader_common.o)
                                          0x4 (size before relaxing)
 .literal.bootloader_common_ota_select_valid
                0x000000004010013c        0x0 /home/marek/Dropbox/Projekty/WiFiGeiger/code/build/bootloader/bootloader_support/libbootloader_support.a(bootloader_common.o)
                                          0x4 (size before relaxing)
 .literal.esp_partition_table_basic_verify
                0x000000004010013c       0x1c /home/marek/Dropbox/Projekty/WiFiGeiger/code/build/bootloader/bootloader_support/libbootloader_support.a(flash_partitions.o)
                                         0x2c (size before relaxing)
 .literal.should_map
                0x0000000040100158        0x8 /home/marek/Dropbox/Projekty/WiFiGeiger/code/build/bootloader/bootloader_support/libbootloader_support.a(esp_image_format.o)
 .literal.should_load
                0x0000000040100160        0x0 /home/marek/Dropbox/Projekty/WiFiGeiger/code/build/bootloader/bootloader_support/libbootloader_support.a(esp_image_format.o)
                                          0x4 (size before relaxing)
 .literal.verify_image_header
                0x0000000040100160       0x14 /home/marek/Dropbox/Projekty/WiFiGeiger/code/build/bootloader/bootloader_support/libbootloader_support.a(esp_image_format.o)
                                         0x20 (size before relaxing)
 .literal.process_segment_data
                0x0000000040100174        0x8 /home/marek/Dropbox/Projekty/WiFiGeiger/code/build/bootloader/bootloader_support/libbootloader_support.a(esp_image_format.o)
                                         0x14 (size before relaxing)
 .literal.verify_checksum
                0x000000004010017c        0x8 /home/marek/Dropbox/Projekty/WiFiGeiger/code/build/bootloader/bootloader_support/libbootloader_support.a(esp_image_format.o)
                                         0x1c (size before relaxing)
 .literal.process_segment
                0x0000000040100184       0x18 /home/marek/Dropbox/Projekty/WiFiGeiger/code/build/bootloader/bootloader_support/libbootloader_support.a(esp_image_format.o)
                                         0x40 (size before relaxing)
 .literal.esp_image_load
                0x000000004010019c       0x14 /home/marek/Dropbox/Projekty/WiFiGeiger/code/build/bootloader/bootloader_support/libbootloader_support.a(esp_image_format.o)
                                         0x44 (size before relaxing)
 .literal.spi_user_cmd
                0x00000000401001b0        0x4 /home/marek/Dropbox/Projekty/WiFiGeiger/code/build/bootloader/spi_flash/libspi_flash.a(spi_flash.o)
                                          0xc (size before relaxing)
 .literal.special_flash_read_status
                0x00000000401001b4        0x0 /home/marek/Dropbox/Projekty/WiFiGeiger/code/build/bootloader/spi_flash/libspi_flash.a(spi_flash.o)
                                          0x4 (size before relaxing)
 .literal.flash_gd25q32c_read_status
                0x00000000401001b4        0x0 /home/marek/Dropbox/Projekty/WiFiGeiger/code/build/bootloader/spi_flash/libspi_flash.a(spi_flash.o)
                                          0x4 (size before relaxing)
 .literal.special_flash_write_status
                0x00000000401001b4        0x0 /home/marek/Dropbox/Projekty/WiFiGeiger/code/build/bootloader/spi_flash/libspi_flash.a(spi_flash.o)
                                          0x8 (size before relaxing)
 .literal.spi_flash_enable_qio_bit6
                0x00000000401001b4        0x0 /home/marek/Dropbox/Projekty/WiFiGeiger/code/build/bootloader/spi_flash/libspi_flash.a(spi_flash.o)
                                          0x4 (size before relaxing)
 .literal.flash_gd25q32c_write_status
                0x00000000401001b4        0x0 /home/marek/Dropbox/Projekty/WiFiGeiger/code/build/bootloader/spi_flash/libspi_flash.a(spi_flash.o)
                                          0x4 (size before relaxing)
 .literal.flash_gd25q32c_enable_QIO_mode
                0x00000000401001b4        0x0 /home/marek/Dropbox/Projekty/WiFiGeiger/code/build/bootloader/spi_flash/libspi_flash.a(spi_flash.o)
                                          0xc (size before relaxing)
 .literal.en25q16x_read_sfdp
                0x00000000401001b4        0x4 /home/marek/Dropbox/Projekty/WiFiGeiger/code/build/bootloader/spi_flash/libspi_flash.a(spi_flash.o)
                                          0x8 (size before relaxing)
 .literal.spi_flash_get_id
                0x00000000401001b8        0x0 /home/marek/Dropbox/Projekty/WiFiGeiger/code/build/bootloader/spi_flash/libspi_flash.a(spi_flash.o)
                                          0xc (size before relaxing)
 .literal.spi_flash_read_status
                0x00000000401001b8        0x0 /home/marek/Dropbox/Projekty/WiFiGeiger/code/build/bootloader/spi_flash/libspi_flash.a(spi_flash.o)
                                          0xc (size before relaxing)
 .literal.spi_flash_issi_enable_QIO_mode
                0x00000000401001b8        0x0 /home/marek/Dropbox/Projekty/WiFiGeiger/code/build/bootloader/spi_flash/libspi_flash.a(spi_flash.o)
                                          0xc (size before relaxing)
 .literal.special_flash_set_mode
                0x00000000401001b8        0x0 /home/marek/Dropbox/Projekty/WiFiGeiger/code/build/bootloader/spi_flash/libspi_flash.a(spi_flash.o)
                                          0x8 (size before relaxing)
 .literal.en25q16x_write_volatile_status
                0x00000000401001b8        0x0 /home/marek/Dropbox/Projekty/WiFiGeiger/code/build/bootloader/spi_flash/libspi_flash.a(spi_flash.o)
                                         0x14 (size before relaxing)
 .literal.user_spi_flash_dio_to_qio_pre_init
                0x00000000401001b8        0xc /home/marek/Dropbox/Projekty/WiFiGeiger/code/build/bootloader/spi_flash/libspi_flash.a(spi_flash.o)
                                         0x30 (size before relaxing)
 .literal.esp_spi_flash_init
                0x00000000401001c4       0x20 /home/marek/Dropbox/Projekty/WiFiGeiger/code/build/bootloader/spi_flash/libspi_flash.a(spi_flash.o)
                                         0x28 (size before relaxing)
 .literal.Cache_Read_Disable_2
                0x00000000401001e4        0xc /home/marek/Dropbox/Projekty/WiFiGeiger/code/build/bootloader/spi_flash/libspi_flash.a(spi_flash_raw.o)
                                         0x10 (size before relaxing)
 .literal.Cache_Read_Enable_2
                0x00000000401001f0        0x4 /home/marek/Dropbox/Projekty/WiFiGeiger/code/build/bootloader/spi_flash/libspi_flash.a(spi_flash_raw.o)
                                          0xc (size before relaxing)
 .literal.spi_flash_get_id_raw
                0x00000000401001f4       0x10 /home/marek/Dropbox/Projekty/WiFiGeiger/code/build/bootloader/spi_flash/libspi_flash.a(spi_flash_raw.o)
                                         0x1c (size before relaxing)
 .literal.spi_flash_read_status_raw
                0x0000000040100204        0x4 /home/marek/Dropbox/Projekty/WiFiGeiger/code/build/bootloader/spi_flash/libspi_flash.a(spi_flash_raw.o)
                                          0xc (size before relaxing)
 .literal.spi_flash_enable_qmode_raw
                0x0000000040100208        0x4 /home/marek/Dropbox/Projekty/WiFiGeiger/code/build/bootloader/spi_flash/libspi_flash.a(spi_flash_raw.o)
                                         0x10 (size before relaxing)
 .literal.spi_user_cmd_raw
                0x000000004010020c       0x64 /home/marek/Dropbox/Projekty/WiFiGeiger/code/build/bootloader/spi_flash/libspi_flash.a(spi_flash_raw.o)
                                         0x8c (size before relaxing)
 .literal.spi_flash_switch_to_qio_raw
                0x0000000040100270        0x8 /home/marek/Dropbox/Projekty/WiFiGeiger/code/build/bootloader/spi_flash/libspi_flash.a(spi_flash_raw.o)
                                          0xc (size before relaxing)
 .literal.uart_putc
                0x0000000040100278        0x8 /home/marek/Dropbox/Projekty/WiFiGeiger/code/build/bootloader/esp8266/libesp8266.a(ets_printf.o)
 .literal.ets_putc
                0x0000000040100280        0x0 /home/marek/Dropbox/Projekty/WiFiGeiger/code/build/bootloader/esp8266/libesp8266.a(ets_printf.o)
                                          0x8 (size before relaxing)
 .literal.ets_vprintf
                0x0000000040100280        0x8 /home/marek/Dropbox/Projekty/WiFiGeiger/code/build/bootloader/esp8266/libesp8266.a(ets_printf.o)
 .literal.crc32_le
                0x0000000040100288        0x4 /home/marek/Dropbox/Projekty/WiFiGeiger/code/build/bootloader/esp8266/libesp8266.a(crc.o)
 .iram1.0.literal
                0x000000004010028c        0x8 /home/marek/Dropbox/Projekty/WiFiGeiger/code/build/bootloader/log/liblog.a(log.o)
 .iram1.1.literal
                0x0000000040100294       0x18 /home/marek/Dropbox/Projekty/WiFiGeiger/code/build/bootloader/log/liblog.a(log.o)
                                         0x30 (size before relaxing)
 .iram1.0.literal
                0x00000000401002ac        0x0 /home/marek/Dropbox/Projekty/WiFiGeiger/code/build/bootloader/esp8266/libesp8266.a(ets_printf.o)
                                          0x8 (size before relaxing)
 .text.selected_boot_partition
                0x00000000401002ac        0xf /home/marek/Dropbox/Projekty/WiFiGeiger/code/build/bootloader/main/libmain.a(bootloader_start.o)
                                         0x13 (size before relaxing)
 *fill*         0x00000000401002bb        0x1 
 .text.select_image
                0x00000000401002bc       0x68 /home/marek/Dropbox/Projekty/WiFiGeiger/code/build/bootloader/main/libmain.a(bootloader_start.o)
                                         0x70 (size before relaxing)
 .text.call_start_cpu
                0x0000000040100324       0x26 /home/marek/Dropbox/Projekty/WiFiGeiger/code/build/bootloader/main/libmain.a(bootloader_start.o)
                                         0x2e (size before relaxing)
                0x0000000040100324                call_start_cpu
 *fill*         0x000000004010034a        0x2 
 .text.print_flash_info
                0x000000004010034c       0xc7 /home/marek/Dropbox/Projekty/WiFiGeiger/code/build/bootloader/bootloader_support/libbootloader_support.a(bootloader_init.o)
                                         0xcb (size before relaxing)
 *fill*         0x0000000040100413        0x1 
 .text.update_flash_config
                0x0000000040100414       0x21 /home/marek/Dropbox/Projekty/WiFiGeiger/code/build/bootloader/bootloader_support/libbootloader_support.a(bootloader_init.o)
 *fill*         0x0000000040100435        0x3 
 .text.bootloader_main
                0x0000000040100438       0x69 /home/marek/Dropbox/Projekty/WiFiGeiger/code/build/bootloader/bootloader_support/libbootloader_support.a(bootloader_init.o)
                                         0x79 (size before relaxing)
 *fill*         0x00000000401004a1        0x3 
 .text.bootloader_init
                0x00000000401004a4       0x25 /home/marek/Dropbox/Projekty/WiFiGeiger/code/build/bootloader/bootloader_support/libbootloader_support.a(bootloader_init.o)
                                         0x29 (size before relaxing)
                0x00000000401004a4                bootloader_init
 *fill*         0x00000000401004c9        0x3 
 .text.bootloader_utility_start_image
                0x00000000401004cc       0x20 /home/marek/Dropbox/Projekty/WiFiGeiger/code/build/bootloader/bootloader_support/libbootloader_support.a(bootloader_utility.o)
                                         0x24 (size before relaxing)
 .text.log_invalid_app_partition
                0x00000000401004ec       0x4b /home/marek/Dropbox/Projekty/WiFiGeiger/code/build/bootloader/bootloader_support/libbootloader_support.a(bootloader_utility.o)
                                         0x53 (size before relaxing)
 *fill*         0x0000000040100537        0x1 
 .text.try_load_partition
                0x0000000040100538       0x3d /home/marek/Dropbox/Projekty/WiFiGeiger/code/build/bootloader/bootloader_support/libbootloader_support.a(bootloader_utility.o)
                                         0x41 (size before relaxing)
 *fill*         0x0000000040100575        0x3 
 .text.bootloader_utility_load_partition_table
                0x0000000040100578      0x170 /home/marek/Dropbox/Projekty/WiFiGeiger/code/build/bootloader/bootloader_support/libbootloader_support.a(bootloader_utility.o)
                                        0x184 (size before relaxing)
                0x0000000040100578                bootloader_utility_load_partition_table
 .text.bootloader_utility_get_selected_boot_partition
                0x00000000401006e8      0x13c /home/marek/Dropbox/Projekty/WiFiGeiger/code/build/bootloader/bootloader_support/libbootloader_support.a(bootloader_utility.o)
                                        0x14c (size before relaxing)
                0x00000000401006e8                bootloader_utility_get_selected_boot_partition
 .text.bootloader_utility_load_boot_image
                0x0000000040100824       0xd6 /home/marek/Dropbox/Projekty/WiFiGeiger/code/build/bootloader/bootloader_support/libbootloader_support.a(bootloader_utility.o)
                                         0xfa (size before relaxing)
                0x0000000040100824                bootloader_utility_load_boot_image
 *fill*         0x00000000401008fa        0x2 
 .text.bootloader_utility_load_image
                0x00000000401008fc       0x19 /home/marek/Dropbox/Projekty/WiFiGeiger/code/build/bootloader/bootloader_support/libbootloader_support.a(bootloader_utility.o)
                0x00000000401008fc                bootloader_utility_load_image
 *fill*         0x0000000040100915        0x3 
 .text.bootloader_flash_read_no_decrypt
                0x0000000040100918       0x15 /home/marek/Dropbox/Projekty/WiFiGeiger/code/build/bootloader/bootloader_support/libbootloader_support.a(bootloader_flash.o)
 *fill*         0x000000004010092d        0x3 
 .text.bootloader_mmap
                0x0000000040100930       0xa6 /home/marek/Dropbox/Projekty/WiFiGeiger/code/build/bootloader/bootloader_support/libbootloader_support.a(bootloader_flash.o)
                                         0xaa (size before relaxing)
                0x0000000040100930                bootloader_mmap
 *fill*         0x00000000401009d6        0x2 
 .text.bootloader_munmap
                0x00000000401009d8       0x23 /home/marek/Dropbox/Projekty/WiFiGeiger/code/build/bootloader/bootloader_support/libbootloader_support.a(bootloader_flash.o)
                0x00000000401009d8                bootloader_munmap
 *fill*         0x00000000401009fb        0x1 
 .text.bootloader_flash_read
                0x00000000401009fc       0x60 /home/marek/Dropbox/Projekty/WiFiGeiger/code/build/bootloader/bootloader_support/libbootloader_support.a(bootloader_flash.o)
                                         0x63 (size before relaxing)
                0x00000000401009fc                bootloader_flash_read
 *fill*         0x0000000040100a5c        0x0 
 .text.bootloader_common_ota_select_crc
                0x0000000040100a5c       0x18 /home/marek/Dropbox/Projekty/WiFiGeiger/code/build/bootloader/bootloader_support/libbootloader_support.a(bootloader_common.o)
                0x0000000040100a5c                bootloader_common_ota_select_crc
 .text.bootloader_common_ota_select_valid
                0x0000000040100a74       0x2c /home/marek/Dropbox/Projekty/WiFiGeiger/code/build/bootloader/bootloader_support/libbootloader_support.a(bootloader_common.o)
                0x0000000040100a74                bootloader_common_ota_select_valid
 .text.esp_partition_table_basic_verify
                0x0000000040100aa0       0xd7 /home/marek/Dropbox/Projekty/WiFiGeiger/code/build/bootloader/bootloader_support/libbootloader_support.a(flash_partitions.o)
                0x0000000040100aa0                esp_partition_table_basic_verify
 *fill*         0x0000000040100b77        0x1 
 .text.should_map
                0x0000000040100b78       0x15 /home/marek/Dropbox/Projekty/WiFiGeiger/code/build/bootloader/bootloader_support/libbootloader_support.a(esp_image_format.o)
 *fill*         0x0000000040100b8d        0x3 
 .text.should_load
                0x0000000040100b90       0x19 /home/marek/Dropbox/Projekty/WiFiGeiger/code/build/bootloader/bootloader_support/libbootloader_support.a(esp_image_format.o)
                                         0x1d (size before relaxing)
 *fill*         0x0000000040100ba9        0x3 
 .text.verify_image_header
                0x0000000040100bac       0x7d /home/marek/Dropbox/Projekty/WiFiGeiger/code/build/bootloader/bootloader_support/libbootloader_support.a(esp_image_format.o)
                                         0x85 (size before relaxing)
 *fill*         0x0000000040100c29        0x3 
 .text.process_segment_data
                0x0000000040100c2c       0x89 /home/marek/Dropbox/Projekty/WiFiGeiger/code/build/bootloader/bootloader_support/libbootloader_support.a(esp_image_format.o)
                                         0x91 (size before relaxing)
 *fill*         0x0000000040100cb5        0x3 
 .text.verify_checksum
                0x0000000040100cb8       0x9c /home/marek/Dropbox/Projekty/WiFiGeiger/code/build/bootloader/bootloader_support/libbootloader_support.a(esp_image_format.o)
                                         0xa0 (size before relaxing)
 .text.process_segment
                0x0000000040100d54      0x10b /home/marek/Dropbox/Projekty/WiFiGeiger/code/build/bootloader/bootloader_support/libbootloader_support.a(esp_image_format.o)
                                        0x117 (size before relaxing)
 *fill*         0x0000000040100e5f        0x1 
 .text.esp_image_load
                0x0000000040100e60      0x18d /home/marek/Dropbox/Projekty/WiFiGeiger/code/build/bootloader/bootloader_support/libbootloader_support.a(esp_image_format.o)
                                        0x1a5 (size before relaxing)
                0x0000000040100e60                esp_image_load
 *fill*         0x0000000040100fed        0x3 
 .text.spi_user_cmd
                0x0000000040100ff0       0x4d /home/marek/Dropbox/Projekty/WiFiGeiger/code/build/bootloader/spi_flash/libspi_flash.a(spi_flash.o)
                0x0000000040100ff0                spi_user_cmd
 *fill*         0x000000004010103d        0x3 
 .text.special_flash_read_status
                0x0000000040101040       0x39 /home/marek/Dropbox/Projekty/WiFiGeiger/code/build/bootloader/spi_flash/libspi_flash.a(spi_flash.o)
                                         0x3d (size before relaxing)
                0x0000000040101040                special_flash_read_status
 *fill*         0x0000000040101079        0x3 
 .text.flash_gd25q32c_read_status
                0x000000004010107c       0x33 /home/marek/Dropbox/Projekty/WiFiGeiger/code/build/bootloader/spi_flash/libspi_flash.a(spi_flash.o)
 *fill*         0x00000000401010af        0x1 
 .text.special_flash_write_status
                0x00000000401010b0       0x5c /home/marek/Dropbox/Projekty/WiFiGeiger/code/build/bootloader/spi_flash/libspi_flash.a(spi_flash.o)
                                         0x60 (size before relaxing)
                0x00000000401010b0                special_flash_write_status
 .text.spi_flash_enable_qio_bit6
                0x000000004010110c       0x17 /home/marek/Dropbox/Projekty/WiFiGeiger/code/build/bootloader/spi_flash/libspi_flash.a(spi_flash.o)
                                         0x1b (size before relaxing)
 *fill*         0x0000000040101123        0x1 
 .text.flash_gd25q32c_write_status
                0x0000000040101124       0x30 /home/marek/Dropbox/Projekty/WiFiGeiger/code/build/bootloader/spi_flash/libspi_flash.a(spi_flash.o)
 .text.flash_gd25q32c_enable_QIO_mode
                0x0000000040101154       0x3e /home/marek/Dropbox/Projekty/WiFiGeiger/code/build/bootloader/spi_flash/libspi_flash.a(spi_flash.o)
                                         0x46 (size before relaxing)
 *fill*         0x0000000040101192        0x2 
 .text.en25q16x_read_sfdp
                0x0000000040101194       0x43 /home/marek/Dropbox/Projekty/WiFiGeiger/code/build/bootloader/spi_flash/libspi_flash.a(spi_flash.o)
                0x0000000040101194                en25q16x_read_sfdp
 *fill*         0x00000000401011d7        0x1 
 .text.spi_flash_get_id
                0x00000000401011d8       0x26 /home/marek/Dropbox/Projekty/WiFiGeiger/code/build/bootloader/spi_flash/libspi_flash.a(spi_flash.o)
                0x00000000401011d8                spi_flash_get_id
 *fill*         0x00000000401011fe        0x2 
 .text.spi_flash_read_status
                0x0000000040101200       0x28 /home/marek/Dropbox/Projekty/WiFiGeiger/code/build/bootloader/spi_flash/libspi_flash.a(spi_flash.o)
                0x0000000040101200                spi_flash_read_status
 .text.spi_flash_issi_enable_QIO_mode
                0x0000000040101228       0x43 /home/marek/Dropbox/Projekty/WiFiGeiger/code/build/bootloader/spi_flash/libspi_flash.a(spi_flash.o)
                                         0x4b (size before relaxing)
 *fill*         0x000000004010126b        0x1 
 .text.special_flash_set_mode
                0x000000004010126c       0x41 /home/marek/Dropbox/Projekty/WiFiGeiger/code/build/bootloader/spi_flash/libspi_flash.a(spi_flash.o)
                                         0x45 (size before relaxing)
                0x000000004010126c                special_flash_set_mode
 *fill*         0x00000000401012ad        0x3 
 .text.en25q16x_write_volatile_status
                0x00000000401012b0       0x4f /home/marek/Dropbox/Projekty/WiFiGeiger/code/build/bootloader/spi_flash/libspi_flash.a(spi_flash.o)
                                         0x5b (size before relaxing)
                0x00000000401012b0                en25q16x_write_volatile_status
 *fill*         0x00000000401012ff        0x1 
 .text.user_spi_flash_dio_to_qio_pre_init
                0x0000000040101300       0x95 /home/marek/Dropbox/Projekty/WiFiGeiger/code/build/bootloader/spi_flash/libspi_flash.a(spi_flash.o)
                                         0xa1 (size before relaxing)
                0x0000000040101300                user_spi_flash_dio_to_qio_pre_init
 *fill*         0x0000000040101395        0x3 
 .text.esp_spi_flash_init
                0x0000000040101398       0xb9 /home/marek/Dropbox/Projekty/WiFiGeiger/code/build/bootloader/spi_flash/libspi_flash.a(spi_flash.o)
                                         0xc1 (size before relaxing)
                0x0000000040101398                esp_spi_flash_init
 *fill*         0x0000000040101451        0x3 
 .text.Cache_Read_Disable_2
                0x0000000040101454       0x34 /home/marek/Dropbox/Projekty/WiFiGeiger/code/build/bootloader/spi_flash/libspi_flash.a(spi_flash_raw.o)
                0x0000000040101454                Cache_Read_Disable_2
 .text.Cache_Read_Enable_2
                0x0000000040101488       0x28 /home/marek/Dropbox/Projekty/WiFiGeiger/code/build/bootloader/spi_flash/libspi_flash.a(spi_flash_raw.o)
                0x0000000040101488                Cache_Read_Enable_New
                0x0000000040101488                Cache_Read_Enable_2
 .text.spi_flash_get_id_raw
                0x00000000401014b0       0x57 /home/marek/Dropbox/Projekty/WiFiGeiger/code/build/bootloader/spi_flash/libspi_flash.a(spi_flash_raw.o)
                0x00000000401014b0                spi_flash_get_id_raw
 *fill*         0x0000000040101507        0x1 
 .text.spi_flash_read_status_raw
                0x0000000040101508       0x2f /home/marek/Dropbox/Projekty/WiFiGeiger/code/build/bootloader/spi_flash/libspi_flash.a(spi_flash_raw.o)
                                         0x33 (size before relaxing)
                0x0000000040101508                spi_flash_read_status_raw
 *fill*         0x0000000040101537        0x1 
 .text.spi_flash_enable_qmode_raw
                0x0000000040101538       0x33 /home/marek/Dropbox/Projekty/WiFiGeiger/code/build/bootloader/spi_flash/libspi_flash.a(spi_flash_raw.o)
                                         0x37 (size before relaxing)
                0x0000000040101538                spi_flash_enable_qmode_raw
 *fill*         0x000000004010156b        0x1 
 .text.spi_user_cmd_raw
                0x000000004010156c      0x3df /home/marek/Dropbox/Projekty/WiFiGeiger/code/build/bootloader/spi_flash/libspi_flash.a(spi_flash_raw.o)
                0x000000004010156c                spi_user_cmd_raw
 *fill*         0x000000004010194b        0x1 
 .text.spi_flash_switch_to_qio_raw
                0x000000004010194c       0x25 /home/marek/Dropbox/Projekty/WiFiGeiger/code/build/bootloader/spi_flash/libspi_flash.a(spi_flash_raw.o)
                0x000000004010194c                spi_flash_switch_to_qio_raw
 *fill*         0x0000000040101971        0x3 
 .text.uart_putc
                0x0000000040101974       0x1b /home/marek/Dropbox/Projekty/WiFiGeiger/code/build/bootloader/esp8266/libesp8266.a(ets_printf.o)
 *fill*         0x000000004010198f        0x1 
 .text.ets_putc
                0x0000000040101990       0x27 /home/marek/Dropbox/Projekty/WiFiGeiger/code/build/bootloader/esp8266/libesp8266.a(ets_printf.o)
                0x0000000040101990                ets_putc
 *fill*         0x00000000401019b7        0x1 
 .text.ets_vprintf
                0x00000000401019b8       0x1f /home/marek/Dropbox/Projekty/WiFiGeiger/code/build/bootloader/esp8266/libesp8266.a(ets_printf.o)
                0x00000000401019b8                ets_vprintf
 *fill*         0x00000000401019d7        0x1 
 .text.crc32_le
                0x00000000401019d8       0x31 /home/marek/Dropbox/Projekty/WiFiGeiger/code/build/bootloader/esp8266/libesp8266.a(crc.o)
                0x00000000401019d8                crc32_le
 *fill*         0x0000000040101a09        0x3 
 .text.phy_reg_default
                0x0000000040101a0c       0x36 /opt/Espressif/ESP8266_RTOS_SDK/components/esp8266/lib/libcore.a(phy.o)
                0x0000000040101a1c                phy_reg_default
 *fill*         0x0000000040101a42        0x0 
 *fill*         0x0000000040101a42        0x0 
 *fill*         0x0000000040101a42        0x0 
 *fill*         0x0000000040101a42        0x0 
 *fill*         0x0000000040101a42        0x0 
 *fill*         0x0000000040101a42        0x2 
 .text.index_to_partition
                0x0000000040101a44       0x4d /home/marek/Dropbox/Projekty/WiFiGeiger/code/build/bootloader/bootloader_support/libbootloader_support.a(bootloader_utility.o)
 *fill*         0x0000000040101a91        0x0 
 *fill*         0x0000000040101a91        0x0 
 *fill*         0x0000000040101a91        0x0 
 *fill*         0x0000000040101a91        0x0 
 *fill*         0x0000000040101a91        0x0 
 *fill*         0x0000000040101a91        0x0 
 *fill*         0x0000000040101a91        0x0 
 *fill*         0x0000000040101a91        0x0 
 *fill*         0x0000000040101a91        0x0 
 *fill*         0x0000000040101a91        0x3 
 .text.verify_segment_header
                0x0000000040101a94        0x4 /home/marek/Dropbox/Projekty/WiFiGeiger/code/build/bootloader/bootloader_support/libbootloader_support.a(esp_image_format.o)
 *fill*         0x0000000040101a98        0x0 
 *fill*         0x0000000040101a98        0x0 
 *fill*         0x0000000040101a98        0x0 
 *fill*         0x0000000040101a98        0x0 
 *fill*         0x0000000040101a98        0x0 
 *fill*         0x0000000040101a98        0x0 
 *fill*         0x0000000040101a98        0x0 
 *fill*         0x0000000040101a98        0x0 
 *fill*         0x0000000040101a98        0x0 
 *fill*         0x0000000040101a98        0x0 
 *fill*         0x0000000040101a98        0x0 
 *fill*         0x0000000040101a98        0x0 
 *fill*         0x0000000040101a98        0x0 
 *fill*         0x0000000040101a98        0x0 
 *fill*         0x0000000040101a98        0x0 
 *fill*         0x0000000040101a98        0x0 
 *fill*         0x0000000040101a98        0x0 
 *fill*         0x0000000040101a98        0x0 
 *fill*         0x0000000040101a98        0x0 
 *fill*         0x0000000040101a98        0x0 
 *fill*         0x0000000040101a98        0x0 
 *fill*         0x0000000040101a98        0x0 
 *fill*         0x0000000040101a98        0x0 
 *fill*         0x0000000040101a98        0x0 
 *fill*         0x0000000040101a98        0x0 
 *fill*         0x0000000040101a98        0x0 
 *fill*         0x0000000040101a98        0x0 
 *(.iram1 .iram1.*)
 .iram1.0       0x0000000040101a98       0x18 /home/marek/Dropbox/Projekty/WiFiGeiger/code/build/bootloader/log/liblog.a(log.o)
                0x0000000040101a98                esp_log_early_timestamp
 .iram1.1       0x0000000040101ab0       0x96 /home/marek/Dropbox/Projekty/WiFiGeiger/code/build/bootloader/log/liblog.a(log.o)
                                         0xa1 (size before relaxing)
                0x0000000040101ab0                esp_early_log_write
 *fill*         0x0000000040101b46        0x2 
 .iram1.0       0x0000000040101b48       0x35 /home/marek/Dropbox/Projekty/WiFiGeiger/code/build/bootloader/esp8266/libesp8266.a(ets_printf.o)
                                         0x39 (size before relaxing)
                0x0000000040101b48                ets_printf
 *fill*         0x0000000040101b7d        0x0 
 *fill*         0x0000000040101b7d        0x0 
 *(.fini.literal)
 *(.fini)
 *(.gnu.version)
                0x0000000040101b7d                _text_end = ABSOLUTE (.)
                0x0000000040101b7d                _etext = .

.bss            0x000000003ffe8000      0x408
                0x000000003ffe8000                . = ALIGN (0x8)
                0x000000003ffe8000                _bss_start = ABSOLUTE (.)
 *(.dynsbss)
 *(.sbss)
 *(.sbss.*)
 *(.gnu.linkonce.sb.*)
 *(.scommon)
 *(.sbss2)
 *(.sbss2.*)
 *(.gnu.linkonce.sb2.*)
 *(.dynbss)
 *(.bss)
 *(.bss.*)
 .bss.mapped    0x000000003ffe8000        0x1 /home/marek/Dropbox/Projekty/WiFiGeiger/code/build/bootloader/bootloader_support/libbootloader_support.a(bootloader_flash.o)
 *fill*         0x000000003ffe8001        0x3 
 .bss.pbuf$3623
                0x000000003ffe8004      0x400 /home/marek/Dropbox/Projekty/WiFiGeiger/code/build/bootloader/bootloader_support/libbootloader_support.a(esp_image_format.o)
 .bss.FlashIsOnGoing
                0x000000003ffe8404        0x1 /home/marek/Dropbox/Projekty/WiFiGeiger/code/build/bootloader/spi_flash/libspi_flash.a(spi_flash.o)
                0x000000003ffe8404                FlashIsOnGoing
 *(.gnu.linkonce.b.*)
 *(COMMON)
                0x000000003ffe8408                . = ALIGN (0x8)
 *fill*         0x000000003ffe8405        0x3 
                0x000000003ffe8408                _bss_end = ABSOLUTE (.)

.data           0x000000003ffe8408       0x18
                0x000000003ffe8408                _data_start = ABSOLUTE (.)
 *(.data)
 *(.data.*)
 .data.g_rom_flashchip
                0x000000003ffe8408       0x18 /home/marek/Dropbox/Projekty/WiFiGeiger/code/build/bootloader/spi_flash/libspi_flash.a(spi_flash.o)
                0x000000003ffe8408                g_rom_flashchip
 *(.gnu.linkonce.d.*)
 *(.data1)
 *(.sdata)
 *(.sdata.*)
 *(.gnu.linkonce.s.*)
 *(.sdata2)
 *(.sdata2.*)
 *(.gnu.linkonce.s2.*)
 *(.jcr)
                0x000000003ffe8420                _data_end = ABSOLUTE (.)

.rodata         0x000000003ffe8420      0xcf0
                0x000000003ffe8420                _rodata_start = ABSOLUTE (.)
 *(.rodata)
 *(.rodata.*)
 .rodata.select_image.str1.4
                0x000000003ffe8420       0x21 /home/marek/Dropbox/Projekty/WiFiGeiger/code/build/bootloader/main/libmain.a(bootloader_start.o)
 *fill*         0x000000003ffe8441        0x3 
 .rodata.print_flash_info.str1.4
                0x000000003ffe8444       0x88 /home/marek/Dropbox/Projekty/WiFiGeiger/code/build/bootloader/bootloader_support/libbootloader_support.a(bootloader_init.o)
                                         0x94 (size before relaxing)
 .rodata.print_flash_info
                0x000000003ffe84cc       0x28 /home/marek/Dropbox/Projekty/WiFiGeiger/code/build/bootloader/bootloader_support/libbootloader_support.a(bootloader_init.o)
 .rodata.bootloader_main.str1.4
                0x000000003ffe84f4       0x62 /home/marek/Dropbox/Projekty/WiFiGeiger/code/build/bootloader/bootloader_support/libbootloader_support.a(bootloader_init.o)
 *fill*         0x000000003ffe8556        0x2 
 .rodata.log_invalid_app_partition.str1.4
                0x000000003ffe8558       0x68 /home/marek/Dropbox/Projekty/WiFiGeiger/code/build/bootloader/bootloader_support/libbootloader_support.a(bootloader_utility.o)
                                         0x70 (size before relaxing)
 .rodata.try_load_partition.str1.4
                0x000000003ffe85c0       0x29 /home/marek/Dropbox/Projekty/WiFiGeiger/code/build/bootloader/bootloader_support/libbootloader_support.a(bootloader_utility.o)
 *fill*         0x000000003ffe85e9        0x3 
 .rodata.bootloader_utility_load_partition_table.str1.4
                0x000000003ffe85ec      0x137 /home/marek/Dropbox/Projekty/WiFiGeiger/code/build/bootloader/bootloader_support/libbootloader_support.a(bootloader_utility.o)
 *fill*         0x000000003ffe8723        0x1 
 .rodata.bootloader_utility_get_selected_boot_partition.str1.4
                0x000000003ffe8724       0xef /home/marek/Dropbox/Projekty/WiFiGeiger/code/build/bootloader/bootloader_support/libbootloader_support.a(bootloader_utility.o)
 *fill*         0x000000003ffe8813        0x1 
 .rodata.bootloader_utility_load_boot_image.str1.4
                0x000000003ffe8814       0x9a /home/marek/Dropbox/Projekty/WiFiGeiger/code/build/bootloader/bootloader_support/libbootloader_support.a(bootloader_utility.o)
 *fill*         0x000000003ffe88ae        0x2 
 .rodata.bootloader_mmap.str1.4
                0x000000003ffe88b0       0x57 /home/marek/Dropbox/Projekty/WiFiGeiger/code/build/bootloader/bootloader_support/libbootloader_support.a(bootloader_flash.o)
 *fill*         0x000000003ffe8907        0x1 
 .rodata.bootloader_flash_read.str1.4
                0x000000003ffe8908       0x9f /home/marek/Dropbox/Projekty/WiFiGeiger/code/build/bootloader/bootloader_support/libbootloader_support.a(bootloader_flash.o)
 *fill*         0x000000003ffe89a7        0x1 
 .rodata.esp_partition_table_basic_verify.str1.4
                0x000000003ffe89a8       0xb4 /home/marek/Dropbox/Projekty/WiFiGeiger/code/build/bootloader/bootloader_support/libbootloader_support.a(flash_partitions.o)
 .rodata.verify_image_header.str1.4
                0x000000003ffe8a5c       0x82 /home/marek/Dropbox/Projekty/WiFiGeiger/code/build/bootloader/bootloader_support/libbootloader_support.a(esp_image_format.o)
 *fill*         0x000000003ffe8ade        0x2 
 .rodata.process_segment_data.str1.4
                0x000000003ffe8ae0       0x27 /home/marek/Dropbox/Projekty/WiFiGeiger/code/build/bootloader/bootloader_support/libbootloader_support.a(esp_image_format.o)
 *fill*         0x000000003ffe8b07        0x1 
 .rodata.verify_checksum.str1.4
                0x000000003ffe8b08       0x57 /home/marek/Dropbox/Projekty/WiFiGeiger/code/build/bootloader/bootloader_support/libbootloader_support.a(esp_image_format.o)
 *fill*         0x000000003ffe8b5f        0x1 
 .rodata.process_segment.str1.4
                0x000000003ffe8b60       0x8f /home/marek/Dropbox/Projekty/WiFiGeiger/code/build/bootloader/bootloader_support/libbootloader_support.a(esp_image_format.o)
                                         0x93 (size before relaxing)
 *fill*         0x000000003ffe8bef        0x1 
 .rodata.esp_image_load.str1.4
                0x000000003ffe8bf0       0xaf /home/marek/Dropbox/Projekty/WiFiGeiger/code/build/bootloader/bootloader_support/libbootloader_support.a(esp_image_format.o)
 *fill*         0x000000003ffe8c9f        0x1 
 .rodata.esp_spi_flash_init.str1.4
                0x000000003ffe8ca0       0x29 /home/marek/Dropbox/Projekty/WiFiGeiger/code/build/bootloader/spi_flash/libspi_flash.a(spi_flash.o)
 *fill*         0x000000003ffe8cc9        0x3 
 .rodata.str1.4
                0x000000003ffe8ccc       0x24 /home/marek/Dropbox/Projekty/WiFiGeiger/code/build/bootloader/log/liblog.a(log.o)
                                         0x22 (size before relaxing)
 .rodata.s_log_prefix
                0x000000003ffe8cf0        0x6 /home/marek/Dropbox/Projekty/WiFiGeiger/code/build/bootloader/log/liblog.a(log.o)
 *fill*         0x000000003ffe8cf6        0x2 
 .rodata.s_log_color
                0x000000003ffe8cf8       0x18 /home/marek/Dropbox/Projekty/WiFiGeiger/code/build/bootloader/log/liblog.a(log.o)
 .rodata.crc32_le_table
                0x000000003ffe8d10      0x400 /home/marek/Dropbox/Projekty/WiFiGeiger/code/build/bootloader/esp8266/libesp8266.a(crc.o)
 *(.gnu.linkonce.r.*)
 *(.rodata1)
                0x000000003ffe9110                __XT_EXCEPTION_TABLE_ = ABSOLUTE (.)
 *(.xt_except_table)
 *(.gcc_except_table)
 *(.gnu.linkonce.e.*)
 *(.gnu.version_r)
 *(.eh_frame)
                0x000000003ffe9110                . = ((. + 0x3) & 0xfffffffffffffffc)
                0x000000003ffe9110                __init_array_start = ABSOLUTE (.)
 *crtbegin.o(.ctors)
 *(EXCLUDE_FILE(*crtend.o) .ctors)
 *(SORT_BY_NAME(.ctors.*))
 *(.ctors)
                0x000000003ffe9110                __init_array_end = ABSOLUTE (.)
 *crtbegin.o(.dtors)
 *(EXCLUDE_FILE(*crtend.o) .dtors)
 *(SORT_BY_NAME(.dtors.*))
 *(.dtors)
                0x000000003ffe9110                __XT_EXCEPTION_DESCS_ = ABSOLUTE (.)
 *(.xt_except_desc)
 *(.gnu.linkonce.h.*)
                0x000000003ffe9110                __XT_EXCEPTION_DESCS_END__ = ABSOLUTE (.)
 *(.xt_except_desc_end)
 *(.dynamic)
 *(.gnu.version_d)
                0x000000003ffe9110                _rodata_end = ABSOLUTE (.)
                0x000000003ffe9110                _lit4_start = ABSOLUTE (.)
 *(*.lit4)
 *(.lit4.*)
 *(.gnu.linkonce.lit4.*)
                0x000000003ffe9110                _lit4_end = ABSOLUTE (.)
                0x000000003ffe9110                . = ALIGN (0x4)
                0x000000003ffe9110                _heap_start = ABSOLUTE (.)
                0x0000000060001100                PROVIDE (rtc_sys_info = 0x60001100)
                0x00000000400040c0                PROVIDE (SPI_sector_erase = 0x400040c0)
                0x0000000040004174                PROVIDE (SPI_page_program = 0x40004174)
                0x00000000400042ac                PROVIDE (SPI_read_data = 0x400042ac)
                0x00000000400043c8                PROVIDE (SPI_read_status = 0x400043c8)
                0x0000000040004400                PROVIDE (SPI_write_status = 0x40004400)
                0x000000004000443c                PROVIDE (SPI_write_enable = 0x4000443c)
                0x000000004000448c                PROVIDE (Wait_SPI_Idle = 0x4000448c)
                0x00000000400044c0                PROVIDE (Enable_QMode = 0x400044c0)
                [!provide]                        PROVIDE (Disable_QMode = 0x40004508)
                0x0000000040004678                PROVIDE (Cache_Read_Enable = 0x40004678)
                0x00000000400047f0                PROVIDE (Cache_Read_Disable = 0x400047f0)
                [!provide]                        PROVIDE (lldesc_build_chain = 0x40004f40)
                [!provide]                        PROVIDE (lldesc_num2link = 0x40005050)
                [!provide]                        PROVIDE (lldesc_set_owner = 0x4000507c)
                0x000000004000c538                __adddf3 = 0x4000c538
                0x000000004000c180                __addsf3 = 0x4000c180
                0x000000004000cb94                __divdf3 = 0x4000cb94
                0x000000004000ce60                __divdi3 = 0x4000ce60
                0x000000004000dc88                __divsi3 = 0x4000dc88
                0x000000004000cdfc                __extendsfdf2 = 0x4000cdfc
                0x000000004000ccb8                __fixdfsi = 0x4000ccb8
                0x000000004000cd00                __fixunsdfsi = 0x4000cd00
                0x000000004000c4c4                __fixunssfsi = 0x4000c4c4
                0x000000004000e2f0                __floatsidf = 0x4000e2f0
                0x000000004000e2ac                __floatsisf = 0x4000e2ac
                0x000000004000e2e8                __floatunsidf = 0x4000e2e8
                0x000000004000e2a4                __floatunsisf = 0x4000e2a4
                0x000000004000c8f0                __muldf3 = 0x4000c8f0
                0x0000000040000650                __muldi3 = 0x40000650
                0x000000004000c3dc                __mulsf3 = 0x4000c3dc
                0x000000004000c688                __subdf3 = 0x4000c688
                0x000000004000c268                __subsf3 = 0x4000c268
                0x000000004000cd5c                __truncdfsf2 = 0x4000cd5c
                0x000000004000d310                __udivdi3 = 0x4000d310
                0x000000004000e21c                __udivsi3 = 0x4000e21c
                0x000000004000d770                __umoddi3 = 0x4000d770
                0x000000004000e268                __umodsi3 = 0x4000e268
                0x000000004000dcf0                __umulsidi3 = 0x4000dcf0
                0x000000004000de84                bzero = 0x4000de84
                0x000000004000dea8                memcmp = 0x4000dea8
                0x000000004000df48                memcpy = 0x4000df48
                0x000000004000e04c                memmove = 0x4000e04c
                0x000000004000e190                memset = 0x4000e190
                0x000000004000bdc8                strcmp = 0x4000bdc8
                0x000000004000bec8                strcpy = 0x4000bec8
                0x000000004000bf4c                strlen = 0x4000bf4c
                0x000000004000bfa8                strncmp = 0x4000bfa8
                0x000000004000c0a0                strncpy = 0x4000c0a0
                0x000000004000e1e0                strstr = 0x4000e1e0
                0x0000000040004cf0                PROVIDE (gpio_input_get = 0x40004cf0)
                [!provide]                        PROVIDE (gpio_pin_wakeup_disable = 0x40004ed4)
                [!provide]                        PROVIDE (gpio_pin_wakeup_enable = 0x40004e90)
                0x0000000040001f00                PROVIDE (ets_io_vprintf = 0x40001f00)
                [!provide]                        PROVIDE (uart_rx_one_char = 0x40003b8c)
                [!provide]                        PROVIDE (rom_i2c_readReg = 0x40007268)
                [!provide]                        PROVIDE (rom_i2c_readReg_Mask = 0x4000729c)
                [!provide]                        PROVIDE (rom_i2c_writeReg = 0x400072d8)
                [!provide]                        PROVIDE (rom_i2c_writeReg_Mask = 0x4000730c)
                [!provide]                        PROVIDE (rom_software_reboot = 0x40000080)
                [!provide]                        PROVIDE (ets_memcpy = 0x400018b4)
                0x0000000040004b1c                PROVIDE (SPIRead = 0x40004b1c)
                0x0000000040004a4c                PROVIDE (SPIWrite = 0x40004a4c)
                0x0000000040004a00                PROVIDE (SPIEraseSector = 0x40004a00)
                [!provide]                        PROVIDE (gpio_input_get = 0x40004cf0)
                [!provide]                        PROVIDE (xthal_get_ccount = 0x4000dd38)
                [!provide]                        PROVIDE (uart_div_modify = 0x400039d8)
                [!provide]                        PROVIDE (ets_io_vprintf = 0x40001f00)
OUTPUT(/home/marek/Dropbox/Projekty/WiFiGeiger/code/build/bootloader/bootloader.elf elf32-xtensa-le)

.debug_frame    0x0000000000000000      0xae0
 .debug_frame   0x0000000000000000       0x74 /home/marek/Dropbox/Projekty/WiFiGeiger/code/build/bootloader/main/libmain.a(bootloader_start.o)
 .debug_frame   0x0000000000000074       0x94 /home/marek/Dropbox/Projekty/WiFiGeiger/code/build/bootloader/bootloader_support/libbootloader_support.a(bootloader_init.o)
 .debug_frame   0x0000000000000108      0x140 /home/marek/Dropbox/Projekty/WiFiGeiger/code/build/bootloader/bootloader_support/libbootloader_support.a(bootloader_utility.o)
 .debug_frame   0x0000000000000248       0xdc /home/marek/Dropbox/Projekty/WiFiGeiger/code/build/bootloader/bootloader_support/libbootloader_support.a(bootloader_flash.o)
 .debug_frame   0x0000000000000324       0x74 /home/marek/Dropbox/Projekty/WiFiGeiger/code/build/bootloader/bootloader_support/libbootloader_support.a(bootloader_common.o)
 .debug_frame   0x0000000000000398       0x38 /home/marek/Dropbox/Projekty/WiFiGeiger/code/build/bootloader/bootloader_support/libbootloader_support.a(flash_partitions.o)
 .debug_frame   0x00000000000003d0      0x13c /home/marek/Dropbox/Projekty/WiFiGeiger/code/build/bootloader/bootloader_support/libbootloader_support.a(esp_image_format.o)
 .debug_frame   0x000000000000050c      0x350 /home/marek/Dropbox/Projekty/WiFiGeiger/code/build/bootloader/spi_flash/libspi_flash.a(spi_flash.o)
 .debug_frame   0x000000000000085c      0x16c /home/marek/Dropbox/Projekty/WiFiGeiger/code/build/bootloader/spi_flash/libspi_flash.a(spi_flash_raw.o)
 .debug_frame   0x00000000000009c8       0x58 /home/marek/Dropbox/Projekty/WiFiGeiger/code/build/bootloader/log/liblog.a(log.o)
 .debug_frame   0x0000000000000a20       0x80 /home/marek/Dropbox/Projekty/WiFiGeiger/code/build/bootloader/esp8266/libesp8266.a(ets_printf.o)
 .debug_frame   0x0000000000000aa0       0x40 /home/marek/Dropbox/Projekty/WiFiGeiger/code/build/bootloader/esp8266/libesp8266.a(crc.o)

.debug_info     0x0000000000000000     0xc69a
 .debug_info    0x0000000000000000      0xd7f /home/marek/Dropbox/Projekty/WiFiGeiger/code/build/bootloader/main/libmain.a(bootloader_start.o)
 .debug_info    0x0000000000000d7f      0xe02 /home/marek/Dropbox/Projekty/WiFiGeiger/code/build/bootloader/bootloader_support/libbootloader_support.a(bootloader_init.o)
 .debug_info    0x0000000000001b81     0x178d /home/marek/Dropbox/Projekty/WiFiGeiger/code/build/bootloader/bootloader_support/libbootloader_support.a(bootloader_utility.o)
 .debug_info    0x000000000000330e      0xe3a /home/marek/Dropbox/Projekty/WiFiGeiger/code/build/bootloader/bootloader_support/libbootloader_support.a(bootloader_flash.o)
 .debug_info    0x0000000000004148     0x12b3 /home/marek/Dropbox/Projekty/WiFiGeiger/code/build/bootloader/bootloader_support/libbootloader_support.a(bootloader_common.o)
 .debug_info    0x00000000000053fb      0xca5 /home/marek/Dropbox/Projekty/WiFiGeiger/code/build/bootloader/bootloader_support/libbootloader_support.a(flash_partitions.o)
 .debug_info    0x00000000000060a0     0x16ca /home/marek/Dropbox/Projekty/WiFiGeiger/code/build/bootloader/bootloader_support/libbootloader_support.a(esp_image_format.o)
 .debug_info    0x000000000000776a     0x1e00 /home/marek/Dropbox/Projekty/WiFiGeiger/code/build/bootloader/spi_flash/libspi_flash.a(spi_flash.o)
 .debug_info    0x000000000000956a     0x10c9 /home/marek/Dropbox/Projekty/WiFiGeiger/code/build/bootloader/spi_flash/libspi_flash.a(spi_flash_raw.o)
 .debug_info    0x000000000000a633     0x12ba /home/marek/Dropbox/Projekty/WiFiGeiger/code/build/bootloader/log/liblog.a(log.o)
 .debug_info    0x000000000000b8ed      0xb66 /home/marek/Dropbox/Projekty/WiFiGeiger/code/build/bootloader/esp8266/libesp8266.a(ets_printf.o)
 .debug_info    0x000000000000c453      0x247 /home/marek/Dropbox/Projekty/WiFiGeiger/code/build/bootloader/esp8266/libesp8266.a(crc.o)

.debug_abbrev   0x0000000000000000     0x216f
 .debug_abbrev  0x0000000000000000      0x2a2 /home/marek/Dropbox/Projekty/WiFiGeiger/code/build/bootloader/main/libmain.a(bootloader_start.o)
 .debug_abbrev  0x00000000000002a2      0x2f2 /home/marek/Dropbox/Projekty/WiFiGeiger/code/build/bootloader/bootloader_support/libbootloader_support.a(bootloader_init.o)
 .debug_abbrev  0x0000000000000594      0x355 /home/marek/Dropbox/Projekty/WiFiGeiger/code/build/bootloader/bootloader_support/libbootloader_support.a(bootloader_utility.o)
 .debug_abbrev  0x00000000000008e9      0x2aa /home/marek/Dropbox/Projekty/WiFiGeiger/code/build/bootloader/bootloader_support/libbootloader_support.a(bootloader_flash.o)
 .debug_abbrev  0x0000000000000b93      0x2c7 /home/marek/Dropbox/Projekty/WiFiGeiger/code/build/bootloader/bootloader_support/libbootloader_support.a(bootloader_common.o)
 .debug_abbrev  0x0000000000000e5a      0x271 /home/marek/Dropbox/Projekty/WiFiGeiger/code/build/bootloader/bootloader_support/libbootloader_support.a(flash_partitions.o)
 .debug_abbrev  0x00000000000010cb      0x316 /home/marek/Dropbox/Projekty/WiFiGeiger/code/build/bootloader/bootloader_support/libbootloader_support.a(esp_image_format.o)
 .debug_abbrev  0x00000000000013e1      0x45b /home/marek/Dropbox/Projekty/WiFiGeiger/code/build/bootloader/spi_flash/libspi_flash.a(spi_flash.o)
 .debug_abbrev  0x000000000000183c      0x29d /home/marek/Dropbox/Projekty/WiFiGeiger/code/build/bootloader/spi_flash/libspi_flash.a(spi_flash_raw.o)
 .debug_abbrev  0x0000000000001ad9      0x315 /home/marek/Dropbox/Projekty/WiFiGeiger/code/build/bootloader/log/liblog.a(log.o)
 .debug_abbrev  0x0000000000001dee      0x2a2 /home/marek/Dropbox/Projekty/WiFiGeiger/code/build/bootloader/esp8266/libesp8266.a(ets_printf.o)
 .debug_abbrev  0x0000000000002090       0xdf /home/marek/Dropbox/Projekty/WiFiGeiger/code/build/bootloader/esp8266/libesp8266.a(crc.o)

.debug_loc      0x0000000000000000     0x368e
 .debug_loc     0x0000000000000000       0x9b /home/marek/Dropbox/Projekty/WiFiGeiger/code/build/bootloader/main/libmain.a(bootloader_start.o)
 .debug_loc     0x000000000000009b       0xbc /home/marek/Dropbox/Projekty/WiFiGeiger/code/build/bootloader/bootloader_support/libbootloader_support.a(bootloader_init.o)
 .debug_loc     0x0000000000000157      0x717 /home/marek/Dropbox/Projekty/WiFiGeiger/code/build/bootloader/bootloader_support/libbootloader_support.a(bootloader_utility.o)
 .debug_loc     0x000000000000086e      0x427 /home/marek/Dropbox/Projekty/WiFiGeiger/code/build/bootloader/bootloader_support/libbootloader_support.a(bootloader_flash.o)
 .debug_loc     0x0000000000000c95      0x18f /home/marek/Dropbox/Projekty/WiFiGeiger/code/build/bootloader/bootloader_support/libbootloader_support.a(bootloader_common.o)
 .debug_loc     0x0000000000000e24      0x11a /home/marek/Dropbox/Projekty/WiFiGeiger/code/build/bootloader/bootloader_support/libbootloader_support.a(flash_partitions.o)
 .debug_loc     0x0000000000000f3e      0xb53 /home/marek/Dropbox/Projekty/WiFiGeiger/code/build/bootloader/bootloader_support/libbootloader_support.a(esp_image_format.o)
 .debug_loc     0x0000000000001a91     0x11dd /home/marek/Dropbox/Projekty/WiFiGeiger/code/build/bootloader/spi_flash/libspi_flash.a(spi_flash.o)
 .debug_loc     0x0000000000002c6e      0x668 /home/marek/Dropbox/Projekty/WiFiGeiger/code/build/bootloader/spi_flash/libspi_flash.a(spi_flash_raw.o)
 .debug_loc     0x00000000000032d6      0x119 /home/marek/Dropbox/Projekty/WiFiGeiger/code/build/bootloader/log/liblog.a(log.o)
 .debug_loc     0x00000000000033ef       0xe9 /home/marek/Dropbox/Projekty/WiFiGeiger/code/build/bootloader/esp8266/libesp8266.a(ets_printf.o)
 .debug_loc     0x00000000000034d8      0x1b6 /home/marek/Dropbox/Projekty/WiFiGeiger/code/build/bootloader/esp8266/libesp8266.a(crc.o)

.debug_aranges  0x0000000000000000      0x3a8
 .debug_aranges
                0x0000000000000000       0x30 /home/marek/Dropbox/Projekty/WiFiGeiger/code/build/bootloader/main/libmain.a(bootloader_start.o)
 .debug_aranges
                0x0000000000000030       0x38 /home/marek/Dropbox/Projekty/WiFiGeiger/code/build/bootloader/bootloader_support/libbootloader_support.a(bootloader_init.o)
 .debug_aranges
                0x0000000000000068       0x60 /home/marek/Dropbox/Projekty/WiFiGeiger/code/build/bootloader/bootloader_support/libbootloader_support.a(bootloader_utility.o)
 .debug_aranges
                0x00000000000000c8       0x48 /home/marek/Dropbox/Projekty/WiFiGeiger/code/build/bootloader/bootloader_support/libbootloader_support.a(bootloader_flash.o)
 .debug_aranges
                0x0000000000000110       0x30 /home/marek/Dropbox/Projekty/WiFiGeiger/code/build/bootloader/bootloader_support/libbootloader_support.a(bootloader_common.o)
 .debug_aranges
                0x0000000000000140       0x20 /home/marek/Dropbox/Projekty/WiFiGeiger/code/build/bootloader/bootloader_support/libbootloader_support.a(flash_partitions.o)
 .debug_aranges
                0x0000000000000160       0x60 /home/marek/Dropbox/Projekty/WiFiGeiger/code/build/bootloader/bootloader_support/libbootloader_support.a(esp_image_format.o)
 .debug_aranges
                0x00000000000001c0       0xe8 /home/marek/Dropbox/Projekty/WiFiGeiger/code/build/bootloader/spi_flash/libspi_flash.a(spi_flash.o)
 .debug_aranges
                0x00000000000002a8       0x70 /home/marek/Dropbox/Projekty/WiFiGeiger/code/build/bootloader/spi_flash/libspi_flash.a(spi_flash_raw.o)
 .debug_aranges
                0x0000000000000318       0x28 /home/marek/Dropbox/Projekty/WiFiGeiger/code/build/bootloader/log/liblog.a(log.o)
 .debug_aranges
                0x0000000000000340       0x38 /home/marek/Dropbox/Projekty/WiFiGeiger/code/build/bootloader/esp8266/libesp8266.a(ets_printf.o)
 .debug_aranges
                0x0000000000000378       0x30 /home/marek/Dropbox/Projekty/WiFiGeiger/code/build/bootloader/esp8266/libesp8266.a(crc.o)

.debug_ranges   0x0000000000000000      0x318
 .debug_ranges  0x0000000000000000       0x20 /home/marek/Dropbox/Projekty/WiFiGeiger/code/build/bootloader/main/libmain.a(bootloader_start.o)
 .debug_ranges  0x0000000000000020       0x28 /home/marek/Dropbox/Projekty/WiFiGeiger/code/build/bootloader/bootloader_support/libbootloader_support.a(bootloader_init.o)
 .debug_ranges  0x0000000000000048       0x50 /home/marek/Dropbox/Projekty/WiFiGeiger/code/build/bootloader/bootloader_support/libbootloader_support.a(bootloader_utility.o)
 .debug_ranges  0x0000000000000098       0x38 /home/marek/Dropbox/Projekty/WiFiGeiger/code/build/bootloader/bootloader_support/libbootloader_support.a(bootloader_flash.o)
 .debug_ranges  0x00000000000000d0       0x20 /home/marek/Dropbox/Projekty/WiFiGeiger/code/build/bootloader/bootloader_support/libbootloader_support.a(bootloader_common.o)
 .debug_ranges  0x00000000000000f0       0x10 /home/marek/Dropbox/Projekty/WiFiGeiger/code/build/bootloader/bootloader_support/libbootloader_support.a(flash_partitions.o)
 .debug_ranges  0x0000000000000100       0x68 /home/marek/Dropbox/Projekty/WiFiGeiger/code/build/bootloader/bootloader_support/libbootloader_support.a(esp_image_format.o)
 .debug_ranges  0x0000000000000168       0xf0 /home/marek/Dropbox/Projekty/WiFiGeiger/code/build/bootloader/spi_flash/libspi_flash.a(spi_flash.o)
 .debug_ranges  0x0000000000000258       0x60 /home/marek/Dropbox/Projekty/WiFiGeiger/code/build/bootloader/spi_flash/libspi_flash.a(spi_flash_raw.o)
 .debug_ranges  0x00000000000002b8       0x18 /home/marek/Dropbox/Projekty/WiFiGeiger/code/build/bootloader/log/liblog.a(log.o)
 .debug_ranges  0x00000000000002d0       0x28 /home/marek/Dropbox/Projekty/WiFiGeiger/code/build/bootloader/esp8266/libesp8266.a(ets_printf.o)
 .debug_ranges  0x00000000000002f8       0x20 /home/marek/Dropbox/Projekty/WiFiGeiger/code/build/bootloader/esp8266/libesp8266.a(crc.o)

.debug_line     0x0000000000000000     0x79a6
 .debug_line    0x0000000000000000      0x4c8 /home/marek/Dropbox/Projekty/WiFiGeiger/code/build/bootloader/main/libmain.a(bootloader_start.o)
 .debug_line    0x00000000000004c8      0x73b /home/marek/Dropbox/Projekty/WiFiGeiger/code/build/bootloader/bootloader_support/libbootloader_support.a(bootloader_init.o)
 .debug_line    0x0000000000000c03     0x12ed /home/marek/Dropbox/Projekty/WiFiGeiger/code/build/bootloader/bootloader_support/libbootloader_support.a(bootloader_utility.o)
 .debug_line    0x0000000000001ef0      0x7f3 /home/marek/Dropbox/Projekty/WiFiGeiger/code/build/bootloader/bootloader_support/libbootloader_support.a(bootloader_flash.o)
 .debug_line    0x00000000000026e3      0x582 /home/marek/Dropbox/Projekty/WiFiGeiger/code/build/bootloader/bootloader_support/libbootloader_support.a(bootloader_common.o)
 .debug_line    0x0000000000002c65      0x5a3 /home/marek/Dropbox/Projekty/WiFiGeiger/code/build/bootloader/bootloader_support/libbootloader_support.a(flash_partitions.o)
 .debug_line    0x0000000000003208     0x11b9 /home/marek/Dropbox/Projekty/WiFiGeiger/code/build/bootloader/bootloader_support/libbootloader_support.a(esp_image_format.o)
 .debug_line    0x00000000000043c1     0x1e99 /home/marek/Dropbox/Projekty/WiFiGeiger/code/build/bootloader/spi_flash/libspi_flash.a(spi_flash.o)
 .debug_line    0x000000000000625a      0xb7e /home/marek/Dropbox/Projekty/WiFiGeiger/code/build/bootloader/spi_flash/libspi_flash.a(spi_flash_raw.o)
 .debug_line    0x0000000000006dd8      0x4cf /home/marek/Dropbox/Projekty/WiFiGeiger/code/build/bootloader/log/liblog.a(log.o)
 .debug_line    0x00000000000072a7      0x3b0 /home/marek/Dropbox/Projekty/WiFiGeiger/code/build/bootloader/esp8266/libesp8266.a(ets_printf.o)
 .debug_line    0x0000000000007657      0x34f /home/marek/Dropbox/Projekty/WiFiGeiger/code/build/bootloader/esp8266/libesp8266.a(crc.o)

.debug_str      0x0000000000000000     0x2575
 .debug_str     0x0000000000000000      0x831 /home/marek/Dropbox/Projekty/WiFiGeiger/code/build/bootloader/main/libmain.a(bootloader_start.o)
                                        0x906 (size before relaxing)
 .debug_str     0x0000000000000831      0x364 /home/marek/Dropbox/Projekty/WiFiGeiger/code/build/bootloader/bootloader_support/libbootloader_support.a(bootloader_init.o)
                                        0xa2d (size before relaxing)
 .debug_str     0x0000000000000b95      0x2e4 /home/marek/Dropbox/Projekty/WiFiGeiger/code/build/bootloader/bootloader_support/libbootloader_support.a(bootloader_utility.o)
                                        0xbbb (size before relaxing)
 .debug_str     0x0000000000000e79      0x13a /home/marek/Dropbox/Projekty/WiFiGeiger/code/build/bootloader/bootloader_support/libbootloader_support.a(bootloader_flash.o)
                                        0x7bf (size before relaxing)
 .debug_str     0x0000000000000fb3      0xab7 /home/marek/Dropbox/Projekty/WiFiGeiger/code/build/bootloader/bootloader_support/libbootloader_support.a(bootloader_common.o)
                                       0x10e9 (size before relaxing)
 .debug_str     0x0000000000001a6a       0x7f /home/marek/Dropbox/Projekty/WiFiGeiger/code/build/bootloader/bootloader_support/libbootloader_support.a(flash_partitions.o)
                                        0x7d7 (size before relaxing)
 .debug_str     0x0000000000001ae9      0x1c7 /home/marek/Dropbox/Projekty/WiFiGeiger/code/build/bootloader/bootloader_support/libbootloader_support.a(esp_image_format.o)
                                        0xba9 (size before relaxing)
 .debug_str     0x0000000000001cb0      0x53b /home/marek/Dropbox/Projekty/WiFiGeiger/code/build/bootloader/spi_flash/libspi_flash.a(spi_flash.o)
                                        0xd41 (size before relaxing)
 .debug_str     0x00000000000021eb      0x127 /home/marek/Dropbox/Projekty/WiFiGeiger/code/build/bootloader/spi_flash/libspi_flash.a(spi_flash_raw.o)
                                        0x8e9 (size before relaxing)
 .debug_str     0x0000000000002312      0x12d /home/marek/Dropbox/Projekty/WiFiGeiger/code/build/bootloader/log/liblog.a(log.o)
                                       0x1052 (size before relaxing)
 .debug_str     0x000000000000243f       0xb8 /home/marek/Dropbox/Projekty/WiFiGeiger/code/build/bootloader/esp8266/libesp8266.a(ets_printf.o)
                                        0x6b7 (size before relaxing)
 .debug_str     0x00000000000024f7       0x7e /home/marek/Dropbox/Projekty/WiFiGeiger/code/build/bootloader/esp8266/libesp8266.a(crc.o)
                                        0x1df (size before relaxing)

.comment        0x0000000000000000       0x31
 .comment       0x0000000000000000       0x31 /home/marek/Dropbox/Projekty/WiFiGeiger/code/build/bootloader/main/libmain.a(bootloader_start.o)
                                         0x32 (size before relaxing)
 .comment       0x0000000000000031       0x32 /home/marek/Dropbox/Projekty/WiFiGeiger/code/build/bootloader/bootloader_support/libbootloader_support.a(bootloader_init.o)
 .comment       0x0000000000000031       0x32 /home/marek/Dropbox/Projekty/WiFiGeiger/code/build/bootloader/bootloader_support/libbootloader_support.a(bootloader_utility.o)
 .comment       0x0000000000000031       0x32 /home/marek/Dropbox/Projekty/WiFiGeiger/code/build/bootloader/bootloader_support/libbootloader_support.a(bootloader_flash.o)
 .comment       0x0000000000000031       0x32 /home/marek/Dropbox/Projekty/WiFiGeiger/code/build/bootloader/bootloader_support/libbootloader_support.a(bootloader_common.o)
 .comment       0x0000000000000031       0x32 /home/marek/Dropbox/Projekty/WiFiGeiger/code/build/bootloader/bootloader_support/libbootloader_support.a(flash_partitions.o)
 .comment       0x0000000000000031       0x32 /home/marek/Dropbox/Projekty/WiFiGeiger/code/build/bootloader/bootloader_support/libbootloader_support.a(esp_image_format.o)
 .comment       0x0000000000000031       0x32 /home/marek/Dropbox/Projekty/WiFiGeiger/code/build/bootloader/spi_flash/libspi_flash.a(spi_flash.o)
 .comment       0x0000000000000031       0x32 /home/marek/Dropbox/Projekty/WiFiGeiger/code/build/bootloader/spi_flash/libspi_flash.a(spi_flash_raw.o)
 .comment       0x0000000000000031       0x32 /home/marek/Dropbox/Projekty/WiFiGeiger/code/build/bootloader/log/liblog.a(log.o)
 .comment       0x0000000000000031       0x32 /home/marek/Dropbox/Projekty/WiFiGeiger/code/build/bootloader/esp8266/libesp8266.a(ets_printf.o)
 .comment       0x0000000000000031       0x32 /home/marek/Dropbox/Projekty/WiFiGeiger/code/build/bootloader/esp8266/libesp8266.a(crc.o)
 .comment       0x0000000000000031       0x32 /opt/Espressif/ESP8266_RTOS_SDK/components/esp8266/lib/libcore.a(phy.o)

.xtensa.info    0x0000000000000000       0x38
 .xtensa.info   0x0000000000000000       0x38 /home/marek/Dropbox/Projekty/WiFiGeiger/code/build/bootloader/main/libmain.a(bootloader_start.o)
 .xtensa.info   0x0000000000000038        0x0 /home/marek/Dropbox/Projekty/WiFiGeiger/code/build/bootloader/bootloader_support/libbootloader_support.a(bootloader_init.o)
 .xtensa.info   0x0000000000000038        0x0 /home/marek/Dropbox/Projekty/WiFiGeiger/code/build/bootloader/bootloader_support/libbootloader_support.a(bootloader_utility.o)
 .xtensa.info   0x0000000000000038        0x0 /home/marek/Dropbox/Projekty/WiFiGeiger/code/build/bootloader/bootloader_support/libbootloader_support.a(bootloader_flash.o)
 .xtensa.info   0x0000000000000038        0x0 /home/marek/Dropbox/Projekty/WiFiGeiger/code/build/bootloader/bootloader_support/libbootloader_support.a(bootloader_common.o)
 .xtensa.info   0x0000000000000038        0x0 /home/marek/Dropbox/Projekty/WiFiGeiger/code/build/bootloader/bootloader_support/libbootloader_support.a(flash_partitions.o)
 .xtensa.info   0x0000000000000038        0x0 /home/marek/Dropbox/Projekty/WiFiGeiger/code/build/bootloader/bootloader_support/libbootloader_support.a(esp_image_format.o)
 .xtensa.info   0x0000000000000038        0x0 /home/marek/Dropbox/Projekty/WiFiGeiger/code/build/bootloader/spi_flash/libspi_flash.a(spi_flash.o)
 .xtensa.info   0x0000000000000038        0x0 /home/marek/Dropbox/Projekty/WiFiGeiger/code/build/bootloader/spi_flash/libspi_flash.a(spi_flash_raw.o)
 .xtensa.info   0x0000000000000038        0x0 /home/marek/Dropbox/Projekty/WiFiGeiger/code/build/bootloader/log/liblog.a(log.o)
 .xtensa.info   0x0000000000000038        0x0 /home/marek/Dropbox/Projekty/WiFiGeiger/code/build/bootloader/esp8266/libesp8266.a(ets_printf.o)
 .xtensa.info   0x0000000000000038        0x0 /home/marek/Dropbox/Projekty/WiFiGeiger/code/build/bootloader/esp8266/libesp8266.a(crc.o)
 .xtensa.info   0x0000000000000038        0x0 /home/marek/Dropbox/Projekty/WiFiGeiger/code/build/bootloader/esp8266/libesp8266.a(esp_fast_boot.o)
 .xtensa.info   0x0000000000000038        0x0 /opt/Espressif/ESP8266_RTOS_SDK/components/esp8266/lib/libcore.a(phy.o)
